M,95357613064864,171
M,95357613065056,139
M,95357613065216,154
M,95357613065392,109
M,95357613065520,123
M,95357613065664,52
M,95357613065728,97
M,95357613065840,94
M,95357613065952,67
F,95357613065728
M,95357613066032,65
M,95357613066112,73
M,95357613066208,74
M,95357613066304,151
M,95357613066464,198
M,95357613066672,77
M,95357613066768,79
M,95357613066864,127
M,95357613067008,122
M,95357613065728,94
M,95357613067152,98
F,95357613065840
F,95357613066464
M,95357613067264,168
M,95357613067440,178
F,95357613066672
M,95357613065840,104
M,95357613067632,138
M,95357613067792,110
F,95357613066208
M,95357613066208,81
M,95357613067920,129
M,95357613068064,125
M,95357613068208,146
M,95357613068368,147
M,95357613068528,94
M,95357613068640,138
M,95357613068800,146
M,95357613068960,120
M,95357613069088,97
M,95357613069200,105
F,95357613066304
M,95357613069328,157
F,95357613067008
M,95357613069504,175
M,95357613069696,177
F,95357613066208
M,95357613069888,169
M,95357613070080,165
F,95357613069504
M,95357613070256,157
F,95357613069200
F,95357613068640
F,95357613069888
M,95357613067008,123
M,95357613068640,152
M,95357613070432,71
M,95357613070512,92
M,95357613070624,130
M,95357613066304,150
M,95357613069200,105
F,95357613066032
M,95357613066208,87
F,95357613067264
F,95357613070080
M,95357613070080,167
M,95357613070768,136
F,95357613067792
M,95357613070912,90
M,95357613071024,128
M,95357613071168,121
F,95357613070432
M,95357613069888,180
M,95357613066672,75
F,95357613066112
M,95357613067792,119
F,95357613066208
F,95357613068960
M,95357613069504,171
M,95357613066464,195
M,95357613071312,192
M,95357613071520,187
M,95357613071728,95
M,95357613067264,153
M,95357613071840,187
F,95357613070624
M,95357613072048,164
F,95357613070512
F,95357613067264
F,95357613068640
M,95357613067264,156
M,95357613072224,195
F,95357613068064
F,95357613069328
F,95357613065056
M,95357613070432,61
F,95357613065216
M,95357613066208,87
M,95357613072432,197
M,95357613065056,147
F,95357613066304
M,95357613066304,144
F,95357613069888
M,95357613070512,91
M,95357613066112,78
F,95357613068368
M,95357613068064,129
F,95357613068528
M,95357613065216,154
M,95357613072640,82
F,95357613069696
F,95357613067152
M,95357613072736,196
M,95357613072944,77
M,95357613069328,160
F,95357613067792
F,95357613070080
M,95357613073040,82
M,95357613069696,175
M,95357613073136,56
F,95357613067920
M,95357613073200,188
M,95357613073408,194
F,95357613071840
F,95357613070512
M,95357613070080,167
M,95357613073616,76
F,95357613065216
F,95357613069696
M,95357613067792,117
F,95357613073136
M,95357613065216,161
F,95357613065728
M,95357613073712,160
M,95357613068960,117
M,95357613073888,157
F,95357613065056
F,95357613066304
M,95357613074064,82
M,95357613074160,115
M,95357613069696,178
M,95357613074288,109
M,95357613067920,132
M,95357613069888,181
M,95357613065728,103
M,95357613074416,118
F,95357613067632
M,95357613073136,54
M,95357613074544,177
F,95357613069088
M,95357613070624,130
F,95357613073616
F,95357613066464
M,95357613074736,168
M,95357613074912,135
F,95357613074288
F,95357613074064
M,95357613066032,71
M,95357613075056,70
F,95357613073200
M,95357613075136,153
F,95357613069696
F,95357613073408
F,95357613065728
M,95357613074288,109
M,95357613074064,79
M,95357613065728,102
F,95357613066768
F,95357613071024
F,95357613072944
M,95357613069088,100
M,95357613075312,109
M,95357613075440,107
M,95357613072944,80
M,95357613073408,185
F,95357613066112
M,95357613075568,153
F,95357613069088
F,95357613072432
M,95357613072432,193
F,95357613065392
F,95357613073040
M,95357613069088,96
F,95357613074736
F,95357613068208
F,95357613074160
M,95357613075744,51
F,95357613074064
F,95357613067264
M,95357613068208,140
M,95357613070512,93
F,95357613069088
F,95357613072640
M,95357613067264,159
F,95357613067792
F,95357613075312
F,95357613066672
F,95357613073136
F,95357613074544
F,95357613075136
M,95357613075312,120
F,95357613068800
F,95357613075440
F,95357613070256
M,95357613071024,125
F,95357613075312
M,95357613075312,120
F,95357613068960
M,95357613075808,122
M,95357613073200,198
M,95357613075952,135
M,95357613070256,162
M,95357613075136,165
M,95357613069088,92
M,95357613074544,174
M,95357613076096,63
F,95357613065840
F,95357613074416
F,95357613067440
M,95357613074416,109
M,95357613066672,79
M,95357613068960,110
M,95357613066464,192
F,95357613070080
F,95357613073888
F,95357613072736
M,95357613073136,53
F,95357613067008
F,95357613075312
F,95357613067920
F,95357613073200
F,95357613070912
M,95357613076176,72
M,95357613073888,161
M,95357613068800,149
M,95357613072640,76
M,95357613070080,161
M,95357613067920,134
F,95357613066032
M,95357613067440,171
M,95357613066032,70
M,95357613067008,131
F,95357613075952
M,95357613070912,93
M,95357613067632,152
M,95357613066304,150
M,95357613074064,75
F,95357613072224
F,95357613065216
F,95357613076176
F,95357613072640
M,95357613075312,105
F,95357613070512
F,95357613068960
M,95357613070512,92
M,95357613076256,56
M,95357613075952,122
M,95357613072224,187
F,95357613074064
F,95357613071728
M,95357613076320,134
F,95357613070768
F,95357613068208
F,95357613076256
M,95357613068960,109
F,95357613070624
M,95357613076176,62
F,95357613075568
F,95357613075808
F,95357613074416
M,95357613075568,165
M,95357613073200,186
M,95357613074064,85
F,95357613076096
M,95357613074416,106
F,95357613074544
F,95357613065728
M,95357613065728,104
F,95357613068800
M,95357613068800,147
M,95357613075440,114
F,95357613068064
M,95357613068064,124
F,95357613067440
F,95357613075744
F,95357613070080
M,95357613067440,176
F,95357613066864
F,95357613071168
F,95357613069504
M,95357613069504,177
M,95357613072736,197
M,95357613074544,171
F,95357613069088
M,95357613069696,169
M,95357613067792,120
F,95357613074288
F,95357613069200
M,95357613069200,112
M,95357613076464,179
F,95357613070512
M,95357613070512,100
F,95357613075312
M,95357613071168,128
F,95357613068064
F,95357613070512
M,95357613068208,151
M,95357613076096,65
F,95357613067440
M,95357613070512,91
F,95357613066304
M,95357613068064,136
F,95357613066032
M,95357613075312,105
M,95357613075744,54
M,95357613066032,60
M,95357613066304,145
F,95357613071520
F,95357613072432
F,95357613066032
F,95357613066672
F,95357613076320
M,95357613074288,116
F,95357613071024
M,95357613066672,73
F,95357613071168
M,95357613072640,83
F,95357613072224
F,95357613072048
F,95357613069504
F,95357613073888
M,95357613073040,85
M,95357613066032,68
F,95357613066304
F,95357613073136
M,95357613072224,186
M,95357613069088,103
M,95357613066112,74
F,95357613065952
F,95357613070432
F,95357613067920
M,95357613073136,51
M,95357613074160,115
M,95357613070432,61
F,95357613075056
M,95357613076256,50
M,95357613073888,163
M,95357613071168,122
F,95357613066032
M,95357613069504,182
F,95357613065520
F,95357613069200
M,95357613066304,139
M,95357613066768,79
F,95357613066464
M,95357613065056,140
M,95357613067440,177
M,95357613073616,82
F,95357613070912
F,95357613073712
F,95357613073616
F,95357613075312
F,95357613066112
F,95357613073040
M,95357613070912,90
F,95357613069504
F,95357613069328
F,95357613068960
F,95357613073200
F,95357613076096
F,95357613073136
M,95357613071728,104
F,95357613065664
M,95357613065664,55
M,95357613073040,81
F,95357613075440
F,95357613070256
M,95357613070256,155
M,95357613075440,106
M,95357613076096,61
M,95357613073200,195
M,95357613068368,141
M,95357613068640,149
F,95357613072736
M,95357613069504,170
F,95357613066208
M,95357613072736,192
M,95357613068960,113
M,95357613065520,136
F,95357613070912
F,95357613067264
M,95357613067264,156
M,95357613066032,71
F,95357613067008
M,95357613076656,170
M,95357613067008,125
F,95357613069504
F,95357613069696
M,95357613075312,108
F,95357613067632
F,95357613075312
M,95357613066208,81
F,95357613068064
F,95357613070432
F,95357613064864
M,95357613070912,100
M,95357613070432,64
M,95357613066112,73
F,95357613067008
F,95357613074288
M,95357613067632,138
F,95357613066208
M,95357613074288,109
M,95357613066464,194
M,95357613073136,51
M,95357613065840,98
F,95357613069088
F,95357613065728
F,95357613073040
M,95357613067920,56
M,95357613064864,176
M,95357613068064,136
F,95357613070432
F,95357613076096
M,95357613069328,160
F,95357613066672
M,95357613072432,192
F,95357613068368
F,95357613065056
M,95357613071024,121
M,95357613067984,55
M,95357613071520,198
F,95357613073888
M,95357613076096,67
F,95357613066032
M,95357613069696,176
M,95357613066672,84
F,95357613075136
F,95357613072736
M,95357613065728,89
F,95357613065664
M,95357613073040,87
F,95357613072640
M,95357613066032,67
M,95357613075136,167
F,95357613068208
M,95357613070432,61
F,95357613066304
M,95357613069088,94
M,95357613067152,94
F,95357613072224
F,95357613070432
F,95357613067632
M,95357613067632,145
F,95357613069088
M,95357613065664,51
M,95357613073888,155
M,95357613075312,114
F,95357613074416
M,95357613067008,52
F,95357613075952
M,95357613072224,186
F,95357613065664
M,95357613072736,197
M,95357613075952,133
M,95357613069504,181
M,95357613074416,118
F,95357613069504
F,95357613076464
M,95357613070432,70
F,95357613067920
M,95357613076464,181
F,95357613067264
M,95357613071840,192
F,95357613066768
F,95357613064864
M,95357613075056,57
F,95357613076256
F,95357613067440
M,95357613076848,191
M,95357613076320,135
F,95357613067984
F,95357613068640
F,95357613075568
M,95357613069088,104
F,95357613067152
M,95357613067152,103
F,95357613072944
F,95357613074288
F,95357613075312
M,95357613066864,134
M,95357613067984,70
M,95357613075568,153
F,95357613071024
M,95357613068640,152
M,95357613075312,113
F,95357613074064
M,95357613068528,91
F,95357613066032
F,95357613067632
F,95357613075744
F,95357613065520
F,95357613065840
M,95357613067264,157
F,95357613075440
F,95357613076176
M,95357613065520,126
M,95357613075440,118
F,95357613066464
F,95357613076848
F,95357613067984
M,95357613071024,131
F,95357613069328
M,95357613067632,142
M,95357613067440,178
M,95357613074064,77
M,95357613065840,96
M,95357613074288,105
M,95357613077056,91
F,95357613065840
M,95357613065840,96
M,95357613069200,109
F,95357613067632
F,95357613070432
M,95357613065392,119
F,95357613072736
F,95357613071520
F,95357613075056
F,95357613074544
F,95357613068528
F,95357613067792
M,95357613074544,176
M,95357613064864,184
F,95357613065840
F,95357613069696
M,95357613069328,158
M,95357613071520,187
M,95357613069696,169
F,95357613076656
M,95357613073712,157
M,95357613076656,177
M,95357613065840,94
F,95357613071728
M,95357613067792,117
F,95357613076656
M,95357613076656,181
F,95357613065392
M,95357613075744,50
M,95357613071728,91
F,95357613065520
M,95357613072048,155
F,95357613077056
M,95357613069504,179
F,95357613069200
F,95357613065840
M,95357613070080,155
F,95357613075312
M,95357613065216,154
F,95357613073888
M,95357613065520,124
M,95357613075312,111
M,95357613072736,196
F,95357613072432
F,95357613066672
F,95357613072224
F,95357613069696
M,95357613066672,80
F,95357613072048
F,95357613068064
F,95357613076320
F,95357613075136
F,95357613073200
M,95357613073200,197
M,95357613065840,92
M,95357613076320,124
F,95357613069888
F,95357613076656
M,95357613072224,187
M,95357613075136,164
M,95357613072048,154
M,95357613068064,131
M,95357613076656,169
M,95357613067632,150
M,95357613069888,171
M,95357613077056,93
F,95357613075952
F,95357613069088
M,95357613069200,108
F,95357613072048
F,95357613077056
M,95357613069696,170
F,95357613074288
F,95357613071520
M,95357613071520,190
F,95357613074912
M,95357613075056,59
F,95357613069328
F,95357613069200
M,95357613072944,76
F,95357613067632
F,95357613071728
F,95357613070912
F,95357613068064
F,95357613065840
F,95357613069696
F,95357613072224
M,95357613076256,53
F,95357613073136
F,95357613076656
M,95357613068064,129
F,95357613070256
F,95357613076096
F,95357613068640
F,95357613064864
M,95357613074912,129
M,95357613075952,121
F,95357613066112
M,95357613072224,195
M,95357613070256,164
M,95357613076096,61
M,95357613069200,114
M,95357613072432,195
M,95357613068640,149
M,95357613064864,176
F,95357613067264
F,95357613067792
M,95357613065840,96
F,95357613072432
F,95357613068640
M,95357613070432,67
M,95357613067792,110
M,95357613070912,91
M,95357613067264,153
F,95357613071520
M,95357613066112,84
F,95357613068960
M,95357613076656,182
F,95357613067008
F,95357613075952
F,95357613076096
F,95357613070080
F,95357613067440
M,95357613075952,126
F,95357613065520
F,95357613073408
F,95357613070912
M,95357613065520,128
F,95357613076320
M,95357613068640,143
M,95357613067008,51
M,95357613073408,188
M,95357613066768,80
M,95357613067440,176
M,95357613070080,154
M,95357613071520,198
F,95357613066768
F,95357613070256
F,95357613070512
F,95357613066864
F,95357613070432
M,95357613070432,65
M,95357613068960,118
F,95357613069888
M,95357613066864,128
M,95357613070512,104
F,95357613073408
F,95357613069504
M,95357613074288,115
F,95357613076656
M,95357613076320,130
F,95357613073040
F,95357613073200
F,95357613065216
M,95357613065216,164
M,95357613070256,158
F,95357613071024
M,95357613076096,70
F,95357613070080
M,95357613070080,167
F,95357613074912
F,95357613071312
F,95357613071168
M,95357613065392,108
M,95357613070912,103
F,95357613075440
F,95357613070912
F,95357613065728
F,95357613073712
M,95357613073712,157
M,95357613076656,170
F,95357613068800
F,95357613075952
F,95357613076320
M,95357613075440,107
F,95357613067440
M,95357613071312,196
M,95357613073200,192
F,95357613066864
M,95357613069328,154
M,95357613067440,180
M,95357613073408,185
F,95357613067792
F,95357613068064
M,95357613073136,56
F,95357613064864
M,95357613075952,133
F,95357613074160
F,95357613070256
M,95357613068800,137
F,95357613068800
M,95357613073040,88
M,95357613072432,190
M,95357613067984,72
M,95357613064864,182
F,95357613075952
M,95357613068800,142
F,95357613076464
M,95357613075952,133
M,95357613067632,140
M,95357613071168,122
F,95357613075568
F,95357613070432
M,95357613074912,130
M,95357613071024,136
M,95357613067920,55
F,95357613075136
M,95357613066304,149
M,95357613075808,130
M,95357613068208,141
F,95357613068800
F,95357613075952
M,95357613065728,100
F,95357613071520
M,95357613066768,83
M,95357613076464,175
F,95357613072944
M,95357613070432,62
F,95357613075808
F,95357613074416
F,95357613070080
F,95357613067008
M,95357613075808,135
F,95357613065216
M,95357613070080,154
M,95357613072944,82
M,95357613074416,108
F,95357613072224
F,95357613072736
F,95357613075808
M,95357613070912,94
F,95357613071024
M,95357613076176,66
F,95357613073040
M,95357613068800,139
F,95357613073712
F,95357613065392
F,95357613067264
M,95357613065392,116
F,95357613068800
F,95357613067152
F,95357613076464
M,95357613073040,81
M,95357613073712,162
F,95357613068208
F,95357613075744
F,95357613070512
M,95357613074160,115
F,95357613074544
F,95357613066672
F,95357613076256
F,95357613065392
M,95357613076256,55
M,95357613071024,128
M,95357613074544,176
M,95357613070512,95
M,95357613066672,82
F,95357613076096
F,95357613070512
F,95357613076656
M,95357613068208,147
M,95357613072640,83
M,95357613076656,177
F,95357613067440
F,95357613065520
M,95357613068800,137
F,95357613071024
M,95357613075136,168
F,95357613074064
M,95357613070512,91
F,95357613073040
F,95357613065840
M,95357613065392,115
F,95357613074912
F,95357613076656
M,95357613065056,152
M,95357613072736,195
M,95357613076656,172
F,95357613068208
F,95357613070512
M,95357613068208,139
M,95357613067440,182
F,95357613069328
M,95357613067792,120
F,95357613069200
M,95357613076096,71
M,95357613075744,51
F,95357613071840
M,95357613070512,102
F,95357613070912
M,95357613076464,180
M,95357613071840,192
M,95357613073040,88
M,95357613070912,102
M,95357613069328,164
F,95357613073200
F,95357613065056
M,95357613069200,106
M,95357613073200,186
M,95357613074912,125
F,95357613076656
F,95357613076464
F,95357613071168
F,95357613075136
F,95357613071840
F,95357613074416
M,95357613075136,156
F,95357613072736
F,95357613075056
M,95357613074064,74
F,95357613074544
M,95357613066208,78
F,95357613073408
M,95357613074544,170
M,95357613075056,65
F,95357613065392
M,95357613065056,145
M,95357613065840,98
M,95357613066032,59
F,95357613068960
M,95357613065952,67
M,95357613076464,178
F,95357613067440
F,95357613067984
M,95357613067152,90
F,95357613070432
M,95357613073616,74
F,95357613065952
F,95357613074544
M,95357613076320,87
M,95357613068960,120
F,95357613074912
F,95357613070080
M,95357613065392,109
M,95357613065952,72
F,95357613065056
M,95357613071728,102
F,95357613067920
M,95357613065056,150
M,95357613073408,191
M,95357613074544,183
M,95357613067440,179
M,95357613076656,171
F,95357613065952
F,95357613075312
M,95357613071168,122
M,95357613065952,58
M,95357613072736,193
M,95357613077056,101
M,95357613070432,63
F,95357613065952
F,95357613075056
F,95357613065392
F,95357613066768
M,95357613071024,121
F,95357613066304
F,95357613071312
F,95357613065840
M,95357613066768,74
F,95357613068960
M,95357613071312,191
M,95357613075056,57
M,95357613065952,65
M,95357613066864,81
F,95357613070912
M,95357613066304,143
F,95357613067440
M,95357613065520,130
M,95357613070912,94
F,95357613072736
M,95357613075808,135
M,95357613075952,121
M,95357613068368,142
M,95357613068064,88
M,95357613072736,192
M,95357613065216,150
M,95357613067984,69
F,95357613076256
F,95357613068064
M,95357613076256,52
F,95357613070512
M,95357613071840,186
M,95357613070080,156
F,95357613076256
F,95357613067792
F,95357613066112
M,95357613075568,168
F,95357613075568
M,95357613066112,74
M,95357613068064,83
M,95357613067072,72
F,95357613073712
F,95357613065216
M,95357613067440,177
F,95357613076176
F,95357613071312
M,95357613070624,124
F,95357613075440
F,95357613071168
M,95357613069504,184
M,95357613070512,90
M,95357613074912,77
F,95357613076096
M,95357613067264,74
M,95357613077168,150
M,95357613077328,88
F,95357613075136
F,95357613074544
F,95357613067440
M,95357613071312,195
M,95357613071168,123
F,95357613069504
F,95357613067152
M,95357613075136,84
M,95357613070768,130
F,95357613067072
M,95357613077424,122
M,95357613077568,134
M,95357613076256,53
F,95357613073136
M,95357613067072,71
M,95357613077712,131
F,95357613070768
M,95357613075440,106
F,95357613075440
F,95357613074912
F,95357613076256
F,95357613077328
M,95357613075440,120
F,95357613066864
F,95357613072432
F,95357613068640
F,95357613071840
M,95357613076096,64
F,95357613067264
F,95357613065952
F,95357613076464
F,95357613076656
F,95357613066032
F,95357613074288
M,95357613070768,123
F,95357613066768
F,95357613075952
M,95357613065216,160
F,95357613072736
F,95357613070512
F,95357613075744
M,95357613074288,111
M,95357613067792,113
F,95357613070624
F,95357613065216
F,95357613069200
F,95357613070432
M,95357613070512,99
F,95357613070768
M,95357613065216,153
M,95357613070768,131
M,95357613072736,193
M,95357613069200,112
F,95357613067072
F,95357613074064
F,95357613068208
M,95357613067072,70
M,95357613075744,50
F,95357613064864
M,95357613070624,124
F,95357613073408
M,95357613067152,93
M,95357613068960,109
M,95357613074064,88
F,95357613068064
M,95357613075952,125
M,95357613070432,67
M,95357613068208,151
M,95357613064864,123
M,95357613077856,135
M,95357613078000,121
M,95357613076656,181
F,95357613065728
F,95357613075744
M,95357613073408,190
F,95357613067632
F,95357613077568
F,95357613068960
F,95357613069328
F,95357613067152
M,95357613075744,54
F,95357613067792
M,95357613069328,154
F,95357613070512
F,95357613077056
M,95357613071840,197
F,95357613075744
M,95357613066032,68
F,95357613071840
F,95357613074288
M,95357613075744,55
M,95357613077056,91
M,95357613077568,125
F,95357613070080
F,95357613075136
F,95357613075808
M,95357613067632,151
M,95357613076256,52
F,95357613070624
M,95357613075136,88
M,95357613071840,196
M,95357613065952,57
M,95357613070080,168
F,95357613073040
M,95357613073040,78
F,95357613067984
M,95357613070624,121
F,95357613070624
M,95357613070512,97
M,95357613073712,157
F,95357613077568
F,95357613065056
M,95357613076464,174
M,95357613065056,140
F,95357613075136
M,95357613067152,90
M,95357613075568,168
M,95357613074288,109
M,95357613075136,76
F,95357613070512
M,95357613068064,84
M,95357613072432,190
F,95357613073200
M,95357613070256,158
M,95357613067984,68
F,95357613072432
F,95357613074288
F,95357613072944
M,95357613072944,87
M,95357613068640,141
F,95357613073408
F,95357613066032
F,95357613072736
M,95357613066032,61
F,95357613076656
M,95357613074288,113
F,95357613075568
M,95357613076176,68
F,95357613075744
F,95357613066208
F,95357613067632
F,95357613067152
M,95357613067360,58
M,95357613066208,88
F,95357613074064
M,95357613073408,197
F,95357613070080
F,95357613076096
F,95357613071312
F,95357613072944
M,95357613077568,122
F,95357613078000
M,95357613078000,125
F,95357613065216
F,95357613071840
F,95357613075136
M,95357613076096,66
M,95357613076656,173
M,95357613067792,109
M,95357613069504,171
M,95357613071312,192
M,95357613067152,96
F,95357613076176
F,95357613076096
F,95357613077424
F,95357613068064
F,95357613068640
F,95357613077568
F,95357613067984
M,95357613067440,184
M,95357613077568,122
M,95357613065216,153
F,95357613075952
F,95357613067792
F,95357613070256
M,95357613075744,53
M,95357613067984,63
M,95357613070512,90
F,95357613065216
F,95357613070768
M,95357613065728,97
M,95357613065840,99
F,95357613069328
F,95357613070512
F,95357613067440
M,95357613076096,70
M,95357613065216,156
F,95357613077712
M,95357613068640,151
M,95357613070512,104
M,95357613076176,64
F,95357613075440
F,95357613069200
M,95357613072944,76
M,95357613075232,62
F,95357613068640
F,95357613065216
F,95357613067360
F,95357613074160
M,95357613067440,171
M,95357613069200,113
M,95357613075440,108
M,95357613067792,118
M,95357613067360,71
F,95357613076320
F,95357613075056
F,95357613068368
M,95357613074544,178
M,95357613075056,63
M,95357613077712,131
M,95357613068960,105
F,95357613077056
F,95357613073712
M,95357613073136,52
M,95357613069888,183
M,95357613068368,150
F,95357613071312
M,95357613069328,70
M,95357613069408,70
F,95357613068800
F,95357613076096
F,95357613078000
F,95357613077712
M,95357613076096,57
F,95357613073040
F,95357613071168
M,95357613069696,178
M,95357613071168,66
F,95357613073136
F,95357613068208
F,95357613077168
F,95357613076256
F,95357613067072
F,95357613074288
F,95357613069328
F,95357613069504
M,95357613077056,90
F,95357613070512
F,95357613067360
M,95357613071312,198
M,95357613065216,157
M,95357613076256,50
M,95357613067360,67
F,95357613071312
M,95357613077168,137
F,95357613076176
F,95357613075232
F,95357613073616
M,95357613077712,125
F,95357613075056
M,95357613075056,63
M,95357613074288,107
F,95357613069888
M,95357613065392,116
F,95357613067792
F,95357613066208
M,95357613078000,128
M,95357613069888,179
M,95357613070512,90
M,95357613068208,149
M,95357613071312,188
F,95357613067152
F,95357613076256
M,95357613070768,125
M,95357613070256,158
M,95357613067152,89
M,95357613072432,187
F,95357613069696
F,95357613077856
F,95357613076656
F,95357613077056
F,95357613068208
M,95357613075232,65
M,95357613068208,137
M,95357613076176,69
F,95357613075232
F,95357613065056
F,95357613070512
M,95357613067792,109
M,95357613070512,100
M,95357613077056,96
F,95357613072640
M,95357613073200,190
F,95357613071024
M,95357613070080,166
F,95357613070768
F,95357613068960
M,95357613076656,169
F,95357613077056
F,95357613075056
M,95357613077056,97
F,95357613065392
M,95357613075568,167
M,95357613076320,75
M,95357613070768,128
M,95357613065056,145
M,95357613069696,170
F,95357613065952
F,95357613077712
F,95357613077168
F,95357613071312
M,95357613072048,155
M,95357613071312,188
F,95357613068368
M,95357613074064,82
F,95357613066112
F,95357613073408
F,95357613077568
M,95357613073888,164
F,95357613070912
M,95357613068368,146
M,95357613065952,72
M,95357613065392,111
M,95357613069504,180
F,95357613066672
F,95357613076656
F,95357613067152
M,95357613074736,164
M,95357613076656,180
M,95357613077168,147
F,95357613071312
M,95357613071312,195
M,95357613067152,103
F,95357613076096
F,95357613071312
F,95357613067792
M,95357613070912,91
F,95357613071728
M,95357613072736,175
F,95357613065216
M,95357613076256,56
F,95357613076656
M,95357613066672,82
F,95357613064864
M,95357613066112,77
F,95357613072944
M,95357613071728,91
M,95357613077712,135
F,95357613068368
M,95357613076096,64
M,95357613069088,97
F,95357613076320
F,95357613074288
F,95357613069504
M,95357613071312,186
F,95357613074064
F,95357613074544
M,95357613073408,188
M,95357613074288,106
M,95357613068368,146
M,95357613074544,179
F,95357613069696
M,95357613068800,152
F,95357613069088
F,95357613076256
F,95357613070256
F,95357613075440
F,95357613070912
F,95357613069408
M,95357613068640,137
F,95357613066032
M,95357613066032,68
F,95357613070512
F,95357613075568
M,95357613075056,69
M,95357613071024,122
F,95357613066032
M,95357613069696,173
F,95357613071168
F,95357613071728
F,95357613066112
F,95357613074736
F,95357613067152
M,95357613077856,133
M,95357613071168,68
M,95357613066032,68
M,95357613075952,121
M,95357613074736,163
F,95357613077056
M,95357613076320,88
M,95357613075440,119
M,95357613069504,170
F,95357613069888
F,95357613066672
F,95357613075056
M,95357613076256,50
F,95357613069504
M,95357613067792,106
M,95357613072224,199
F,95357613075744
F,95357613068800
F,95357613072432
F,95357613073200
M,95357613077056,89
F,95357613065520
F,95357613073408
F,95357613075952
F,95357613076256
M,95357613073408,192
F,95357613075440
F,95357613074288
F,95357613069200
F,95357613077712
M,95357613066672,86
F,95357613070080
M,95357613077712,127
M,95357613075056,65
M,95357613067152,94
M,95357613075952,121
M,95357613072944,87
M,95357613069200,112
M,95357613073200,187
M,95357613074288,117
F,95357613070768
F,95357613072224
M,95357613072224,192
M,95357613076256,54
F,95357613074736
M,95357613071728,90
F,95357613068640
F,95357613067984
F,95357613071312
F,95357613072944
M,95357613074736,160
M,95357613072944,74
M,95357613070080,158
M,95357613075440,118
M,95357613070512,91
F,95357613075440
M,95357613068640,148
F,95357613065952
F,95357613077856
F,95357613066032
F,95357613068208
F,95357613069200
M,95357613075744,54
M,95357613068208,152
M,95357613069200,105
M,95357613066768,88
M,95357613075568,159
M,95357613066032,69
M,95357613070912,100
M,95357613070256,167
F,95357613078000
M,95357613071312,197
M,95357613075440,114
M,95357613068960,116
F,95357613072736
F,95357613066304
M,95357613065952,65
M,95357613067264,74
M,95357613073136,55
F,95357613076096
F,95357613066032
F,95357613075056
F,95357613067792
M,95357613069504,180
M,95357613066304,141
M,95357613067792,114
M,95357613069088,92
M,95357613068528,93
F,95357613072224
M,95357613075312,111
F,95357613068528
M,95357613066864,85
F,95357613071024
M,95357613068800,147
M,95357613067632,137
F,95357613069088
F,95357613067360
F,95357613075440
F,95357613077168
M,95357613075056,71
F,95357613070912
M,95357613077328,88
F,95357613066304
F,95357613076464
M,95357613066304,144
F,95357613076320
M,95357613076464,183
F,95357613072048
F,95357613065840
M,95357613076320,88
M,95357613072224,196
M,95357613066032,68
F,95357613068208
F,95357613073200
M,95357613073200,199
M,95357613072048,157
F,95357613072224
F,95357613070512
F,95357613077328
M,95357613065216,168
M,95357613078000,129
M,95357613077856,129
F,95357613076256
M,95357613070768,123
F,95357613066864
M,95357613075440,120
M,95357613070512,98
F,95357613070256
M,95357613070256,157
F,95357613075056
F,95357613067440
F,95357613068640
M,95357613065840,103
M,95357613068640,149
F,95357613070512
M,95357613074416,110
M,95357613065520,135
M,95357613077424,121
M,95357613068208,151
F,95357613072048
M,95357613075056,59
M,95357613070624,124
F,95357613073408
M,95357613076096,66
F,95357613071312
M,95357613076256,51
M,95357613067984,69
F,95357613075056
F,95357613065728
F,95357613075744
M,95357613075808,123
F,95357613065392
M,95357613072048,160
M,95357613077168,144
M,95357613077568,130
F,95357613066768
F,95357613077712
M,95357613065728,98
F,95357613077056
M,95357613077056,98
M,95357613066768,82
M,95357613073712,164
M,95357613071248,140
F,95357613065952
F,95357613073136
M,95357613077712,127
F,95357613070624
M,95357613065392,106
M,95357613067440,180
F,95357613070080
F,95357613075312
F,95357613065216
F,95357613073200
F,95357613074288
M,95357613065952,70
F,95357613072944
M,95357613064864,140
F,95357613065840
M,95357613072944,81
F,95357613074544
F,95357613075808
F,95357613076096
M,95357613075808,126
F,95357613076176
M,95357613065216,161
F,95357613066032
M,95357613066032,69
F,95357613070432
F,95357613068208
F,95357613068960
M,95357613073136,54
M,95357613065840,102
M,95357613070080,168
F,95357613068368
F,95357613066672
F,95357613075808
M,95357613068960,113
F,95357613077568
M,95357613070432,69
M,95357613068368,147
M,95357613073408,189
M,95357613071840,166
M,95357613072224,188
M,95357613072736,193
F,95357613071840
F,95357613069504
F,95357613068368
M,95357613068368,151
M,95357613066672,81
F,95357613065056
M,95357613071840,159
F,95357613077712
M,95357613072432,198
F,95357613072224
M,95357613074288,113
F,95357613076256
F,95357613076464
F,95357613068368
F,95357613074416
F,95357613072048
F,95357613068800
F,95357613071248
M,95357613077712,122
F,95357613067440
F,95357613064864
F,95357613075952
F,95357613070256
F,95357613074736
F,95357613077056
F,95357613073888
M,95357613076176,63
M,95357613073888,166
F,95357613070080
F,95357613066032
M,95357613072224,189
M,95357613067440,182
M,95357613066032,57
F,95357613067792
M,95357613067792,117
F,95357613074288
M,95357613077056,99
M,95357613066864,75
F,95357613067152
F,95357613070768
M,95357613074288,107
M,95357613070768,121
M,95357613076096,67
F,95357613070432
F,95357613073408
M,95357613074416,105
F,95357613075440
M,95357613070432,65
M,95357613073408,188
F,95357613072736
M,95357613070080,160
F,95357613076176
M,95357613076464,181
M,95357613075952,128
M,95357613076176,59
M,95357613076256,53
M,95357613064864,140
F,95357613078000
M,95357613075440,116
M,95357613067152,93
M,95357613072736,190
F,95357613075952
M,95357613071248,140
F,95357613076096
F,95357613071840
M,95357613068800,138
F,95357613072224
M,95357613069504,183
F,95357613076176
M,95357613072224,186
M,95357613074544,178
F,95357613068640
F,95357613066864
M,95357613066864,82
F,95357613067264
F,95357613070768
F,95357613066864
F,95357613066672
F,95357613064864
F,95357613077168
M,95357613066672,83
M,95357613066864,86
M,95357613075744,53
M,95357613071520,188
M,95357613067264,86
F,95357613072432
F,95357613072224
M,95357613077328,87
M,95357613076176,71
F,95357613077712
F,95357613066672
M,95357613077168,147
M,95357613077712,121
M,95357613064864,142
M,95357613070512,97
M,95357613070768,136
M,95357613075952,131
F,95357613068960
M,95357613072224,192
F,95357613077056
M,95357613068640,142
M,95357613068368,145
M,95357613066672,86
M,95357613065056,142
M,95357613071840,153
M,95357613069888,174
F,95357613073712
F,95357613074544
M,95357613078000,136
F,95357613067264
F,95357613076176
M,95357613073712,165
F,95357613065392
M,95357613074544,180
F,95357613066032
M,95357613067264,82
M,95357613074912,85
F,95357613067792
F,95357613077712
M,95357613072432,185
M,95357613067792,116
F,95357613076464
M,95357613076848,186
F,95357613074544
F,95357613076848
F,95357613068800
F,95357613078000
M,95357613066032,70
M,95357613074736,165
M,95357613076848,197
F,95357613065728
F,95357613066304
F,95357613065952
F,95357613067984
M,95357613066304,146
F,95357613067264
F,95357613076256
M,95357613068800,137
F,95357613074416
M,95357613070256,155
M,95357613068208,137
F,95357613071728
F,95357613068208
F,95357613071520
F,95357613074912
M,95357613074912,80
F,95357613069888
F,95357613064864
M,95357613071728,102
M,95357613071520,189
F,95357613076848
M,95357613072048,165
M,95357613065728,100
M,95357613076256,53
M,95357613076848,193
M,95357613078000,135
M,95357613077712,122
F,95357613072224
F,95357613074288
M,95357613065952,62
F,95357613075952
F,95357613073888
M,95357613073888,155
F,95357613072944
F,95357613075440
F,95357613076256
M,95357613064864,139
M,95357613075440,113
F,95357613070432
M,95357613068208,150
F,95357613066304
F,95357613072048
F,95357613067440
M,95357613072048,162
M,95357613066304,144
M,95357613074288,114
F,95357613074736
F,95357613067152
M,95357613067152,89
F,95357613078000
M,95357613070432,64
F,95357613075744
F,95357613065216
F,95357613072048
M,95357613072944,83
F,95357613073136
M,95357613067264,82
F,95357613072736
F,95357613072944
F,95357613068640
M,95357613072048,153
M,95357613068640,147
M,95357613065216,159
M,95357613073200,149
M,95357613074416,106
F,95357613077328
M,95357613067440,183
F,95357613068800
M,95357613078000,130
F,95357613065216
M,95357613069888,171
M,95357613077328,77
F,95357613065840
F,95357613070768
F,95357613073408
F,95357613068368
F,95357613076320
M,95357613068368,150
F,95357613069888
F,95357613074416
M,95357613068800,138
F,95357613065952
M,95357613078144,142
M,95357613070768,130
F,95357613066768
M,95357613065840,89
F,95357613065840
F,95357613077856
M,95357613065952,61
M,95357613077856,128
F,95357613065952
F,95357613071248
F,95357613074912
F,95357613069504
F,95357613078144
M,95357613065952,71
M,95357613069504,179
F,95357613071168
M,95357613065840,94
F,95357613076848
M,95357613074416,106
M,95357613065216,164
M,95357613065392,106
F,95357613074416
M,95357613069888,183
M,95357613073136,52
F,95357613070768
M,95357613074416,119
M,95357613074544,177
M,95357613076848,192
M,95357613074736,157
M,95357613077056,100
M,95357613071168,58
M,95357613078304,162
M,95357613070912,93
F,95357613073136
M,95357613069088,102
F,95357613066864
F,95357613066672
F,95357613065216
M,95357613078144,151
F,95357613066304
F,95357613073200
M,95357613068960,115
M,95357613075312,119
F,95357613070432
F,95357613075440
M,95357613070432,65
F,95357613065056
F,95357613067632
F,95357613073888
F,95357613071728
M,95357613073136,50
F,95357613069696
F,95357613070080
M,95357613071728,100
M,95357613075440,112
F,95357613077168
M,95357613075744,56
F,95357613078000
F,95357613074288
M,95357613076256,54
M,95357613069696,181
M,95357613076464,177
F,95357613071520
M,95357613071520,185
M,95357613076656,177
M,95357613066672,85
M,95357613077168,141
F,95357613071168
M,95357613071168,71
M,95357613066864,82
M,95357613078480,182
F,95357613070432
M,95357613078672,181
M,95357613070080,166
M,95357613067632,140
F,95357613067440
F,95357613070512
M,95357613074288,109
M,95357613078000,136
M,95357613070768,135
F,95357613077856
M,95357613070512,97
M,95357613073888,162
M,95357613065216,164
F,95357613073712
M,95357613074160,118
F,95357613076256
M,95357613073408,198
F,95357613065952
F,95357613075568
F,95357613078672
F,95357613075440
M,95357613075568,164
F,95357613065728
F,95357613065392
M,95357613065392,118
M,95357613078672,183
F,95357613071520
F,95357613077328
M,95357613067440,182
F,95357613073888
M,95357613071520,187
F,95357613067792
F,95357613066672
M,95357613067792,105
M,95357613065728,104
M,95357613075440,118
M,95357613077856,127
M,95357613065056,139
F,95357613070912
M,95357613073888,167
F,95357613065520
F,95357613072048
F,95357613075440
M,95357613073200,143
M,95357613072048,153
F,95357613066864
F,95357613078144
M,95357613078864,178
F,95357613077712
M,95357613070912,104
F,95357613075312
F,95357613065728
M,95357613073712,159
F,95357613075568
M,95357613065728,93
F,95357613071728
M,95357613077712,134
F,95357613073200
M,95357613071728,98
F,95357613070768
F,95357613078864
M,95357613072736,193
M,95357613075568,156
F,95357613066032
M,95357613075312,107
M,95357613068528,101
M,95357613079056,157
F,95357613075568
F,95357613068208
F,95357613075744
F,95357613067152
F,95357613077056
M,95357613072224,188
F,95357613078480
F,95357613071168
M,95357613068208,139
M,95357613073200,137
F,95357613068528
M,95357613075568,156
F,95357613073136
F,95357613074416
M,95357613073136,53
F,95357613070912
F,95357613068640
F,95357613067632
F,95357613068960
F,95357613073888
F,95357613077712
M,95357613070912,91
M,95357613073888,154
M,95357613067632,137
M,95357613066464,191
M,95357613077712,129
M,95357613078480,170
F,95357613065216
M,95357613068640,152
M,95357613070432,66
F,95357613072432
F,95357613065056
M,95357613072432,185
M,95357613070768,127
F,95357613067264
M,95357613065216,168
F,95357613074544
M,95357613065520,126
M,95357613066864,85
M,95357613066672,76
M,95357613079232,191
M,95357613079440,186
F,95357613073408
M,95357613076176,58
F,95357613078000
M,95357613065056,151
F,95357613072048
M,95357613073408,197
F,95357613068800
M,95357613072048,159
M,95357613078000,131
F,95357613078304
F,95357613069504
M,95357613068800,137
M,95357613078144,138
M,95357613075744,55
F,95357613066864
M,95357613079648,195
M,95357613066864,84
M,95357613078304,158
M,95357613075952,130
F,95357613073408
F,95357613076656
M,95357613066304,139
M,95357613079856,160
M,95357613077568,133
F,95357613079648
F,95357613079232
F,95357613070768
M,95357613076256,54
M,95357613068528,103
F,95357613065392
F,95357613065056
F,95357613070912
M,95357613076656,172
F,95357613065728
F,95357613073888
M,95357613065056,145
F,95357613066304
F,95357613068208
F,95357613070432
F,95357613065056
F,95357613074288
M,95357613079232,193
M,95357613073888,163
M,95357613065728,102
M,95357613080032,160
F,95357613065840
F,95357613069888
M,95357613070432,57
M,95357613070768,131
F,95357613075952
F,95357613064864
F,95357613067792
M,95357613065840,99
F,95357613070512
F,95357613070256
F,95357613078672
M,95357613078672,180
F,95357613069088
M,95357613069088,102
M,95357613067792,114
M,95357613067920,55
F,95357613073888
M,95357613070512,96
M,95357613073888,165
F,95357613077168
M,95357613076096,72
M,95357613077168,152
F,95357613065728
M,95357613075952,121
M,95357613079648,191
M,95357613069888,174
M,95357613064864,140
F,95357613065216
F,95357613080032
F,95357613075952
M,95357613074288,119
F,95357613079440
F,95357613078304
M,95357613065056,144
M,95357613065392,108
F,95357613069696
M,95357613069696,176
F,95357613072432
F,95357613075744
F,95357613065840
M,95357613077328,78
M,95357613068960,110
F,95357613068800
F,95357613077328
M,95357613075056,65
M,95357613077328,87
M,95357613065840,96
F,95357613079648
M,95357613065728,98
M,95357613069504,178
M,95357613074544,176
F,95357613076176
M,95357613075744,52
M,95357613076176,68
M,95357613078864,173
F,95357613065728
F,95357613077568
F,95357613075568
F,95357613067792
M,95357613065728,100
F,95357613067632
F,95357613077424
M,95357613067792,112
F,95357613067440
F,95357613066864
M,95357613075232,71
F,95357613068960
M,95357613069328,66
M,95357613077424,132
F,95357613069504
M,95357613067632,140
M,95357613075568,159
F,95357613067632
F,95357613077168
F,95357613073888
F,95357613075568
M,95357613066864,80
F,95357613072048
F,95357613068640
F,95357613076464
M,95357613072048,157
M,95357613068960,115
F,95357613065840
M,95357613075568,165
F,95357613065392
M,95357613077568,130
M,95357613065392,107
F,95357613077328
M,95357613077328,76
F,95357613075744
M,95357613065840,92
F,95357613064864
F,95357613075312
M,95357613076464,169
M,95357613075312,114
F,95357613077712
M,95357613075744,54
F,95357613074288
F,95357613074736
F,95357613065840
M,95357613079648,194
M,95357613074912,82
M,95357613072432,192
F,95357613071520
M,95357613074736,154
F,95357613078144
M,95357613077712,125
M,95357613066768,74
M,95357613069504,174
F,95357613076464
M,95357613067072,72
M,95357613071168,65
F,95357613069888
M,95357613069888,173
M,95357613068640,150
M,95357613077168,143
F,95357613074160
F,95357613068960
F,95357613079056
M,95357613067008,55
F,95357613071728
F,95357613072432
F,95357613071168
F,95357613078480
M,95357613071728,103
F,95357613066464
M,95357613067632,143
F,95357613065728
M,95357613066464,190
F,95357613072224
M,95357613075952,121
F,95357613065056
F,95357613074736
F,95357613068528
M,95357613076320,83
F,95357613079856
M,95357613071168,64
F,95357613071168
F,95357613069088
F,95357613066864
F,95357613077568
F,95357613074912
F,95357613069200
M,95357613071168,59
F,95357613074544
F,95357613077168
M,95357613077568,122
M,95357613067360,69
F,95357613066768
M,95357613067984,68
F,95357613067920
F,95357613076656
M,95357613077168,148
F,95357613077424
F,95357613078672
M,95357613066768,85
M,95357613065952,60
F,95357613070080
M,95357613077424,133
M,95357613065056,137
M,95357613068800,141
F,95357613076256
F,95357613066672
M,95357613072224,196
M,95357613074736,163
F,95357613074736
M,95357613074736,156
F,95357613077168
M,95357613066672,85
M,95357613078672,170
F,95357613079232
F,95357613066768
F,95357613077424
F,95357613074736
F,95357613073136
M,95357613079232,185
F,95357613075312
M,95357613075312,110
M,95357613077168,139
F,95357613076848
F,95357613072736
F,95357613069328
M,95357613069200,118
M,95357613066768,86
M,95357613074912,75
M,95357613076656,179
F,95357613067072
M,95357613074544,169
F,95357613077568
M,95357613078480,175
M,95357613074736,167
F,95357613065392
F,95357613069504
M,95357613079056,165
F,95357613066672
M,95357613067072,57
F,95357613075232
M,95357613065392,117
M,95357613077568,129
M,95357613066672,83
F,95357613079056
F,95357613077168
F,95357613075744
F,95357613070768
F,95357613073712
F,95357613074736
F,95357613078672
M,95357613068960,109
M,95357613075232,58
M,95357613066864,83
F,95357613078864
F,95357613075952
M,95357613074160,106
M,95357613073712,164
F,95357613065952
F,95357613070512
M,95357613079056,164
F,95357613067360
F,95357613069888
F,95357613074544
M,95357613072736,197
M,95357613067360,59
M,95357613069088,100
F,95357613076176
M,95357613068528,96
M,95357613074544,184
F,95357613079648
F,95357613067360
M,95357613072944,73
M,95357613074288,112
F,95357613074912
M,95357613065728,98
M,95357613077168,150
M,95357613067360,66
F,95357613066464
M,95357613076176,63
F,95357613065520
M,95357613069888,170
M,95357613065840,95
M,95357613065952,59
M,95357613065520,135
F,95357613067008
F,95357613075312
F,95357613067632
M,95357613070912,97
M,95357613075312,118
M,95357613077056,99
M,95357613074416,110
F,95357613076176
F,95357613066864
F,95357613072736
M,95357613073888,161
F,95357613073888
M,95357613075952,128
M,95357613066464,197
M,95357613067632,144
F,95357613075568
F,95357613066768
F,95357613072944
M,95357613068208,139
F,95357613076096
F,95357613071840
F,95357613071728
M,95357613071840,160
M,95357613071728,97
F,95357613069888
M,95357613067008,55
F,95357613069200
F,95357613065728
M,95357613075568,158
F,95357613070912
M,95357613070912,97
F,95357613068800
F,95357613074160
F,95357613076656
M,95357613065728,93
M,95357613079648,188
M,95357613073888,166
F,95357613077856
F,95357613075232
F,95357613074288
F,95357613067792
M,95357613076656,183
M,95357613075232,67
F,95357613068368
F,95357613073712
F,95357613077568
F,95357613076656
M,95357613076848,193
M,95357613073712,158
M,95357613076096,61
F,95357613068960
M,95357613076176,58
F,95357613077056
M,95357613072432,198
F,95357613070912
M,95357613068960,108
M,95357613067792,113
F,95357613079232
M,95357613079232,191
M,95357613069328,59
M,95357613078304,154
F,95357613065520
F,95357613065840
F,95357613075232
F,95357613079648
M,95357613075232,63
M,95357613065840,96
F,95357613078000
F,95357613071728
M,95357613065520,121
M,95357613072944,87
M,95357613066768,79
M,95357613077568,123
F,95357613066672
F,95357613068208
M,95357613076656,171
F,95357613075952
M,95357613066672,82
F,95357613077168
F,95357613065392
M,95357613080032,160
F,95357613069088
F,95357613078304
M,95357613069888,173
M,95357613069088,89
M,95357613078304,159
M,95357613066864,74
M,95357613074912,77
M,95357613071728,91
F,95357613067792
M,95357613067792,107
F,95357613074912
M,95357613078864,178
F,95357613077328
F,95357613066768
F,95357613076320
M,95357613070912,100
M,95357613075952,123
M,95357613066032,67
M,95357613076320,79
M,95357613077168,140
F,95357613067632
M,95357613078672,177
M,95357613071408,67
M,95357613077856,123
M,95357613079648,193
F,95357613079232
F,95357613078864
F,95357613076848
M,95357613078864,182
F,95357613067072
F,95357613078864
F,95357613075952
F,95357613072224
M,95357613075952,131
M,95357613065392,108
M,95357613065216,168
M,95357613072224,193
F,95357613065056
F,95357613065952
M,95357613077056,96
M,95357613070256,160
F,95357613075056
F,95357613076656
F,95357613069888
M,95357613075744,51
F,95357613077056
M,95357613077056,91
F,95357613072944
M,95357613075056,69
F,95357613079648
F,95357613065728
M,95357613070768,122
M,95357613072944,83
M,95357613074288,115
F,95357613072944
M,95357613079856,167
M,95357613072944,83
M,95357613065952,62
M,95357613065056,138
M,95357613074736,167
F,95357613072224
F,95357613071728
M,95357613074160,116
F,95357613068528
M,95357613072224,194
F,95357613080032
M,95357613067632,144
M,95357613069200,110
M,95357613080032,166
F,95357613065392
F,95357613078480
F,95357613073888
F,95357613066864
F,95357613068960
M,95357613066864,84
M,95357613068960,118
F,95357613079056
M,95357613068208,143
M,95357613077424,136
M,95357613067072,57
M,95357613068368,142
F,95357613069328
F,95357613066672
F,95357613076176
M,95357613066672,78
F,95357613068960
F,95357613077856
M,95357613068800,148
M,95357613079056,157
F,95357613072432
M,95357613072432,190
M,95357613079648,186
F,95357613079056
F,95357613065520
F,95357613067632
M,95357613076848,187
M,95357613079232,197
F,95357613067008
F,95357613077056
F,95357613068640
M,95357613078480,174
M,95357613069888,181
M,95357613068960,112
M,95357613066768,74
F,95357613076848
F,95357613076096
F,95357613075744
F,95357613068800
M,95357613065520,132
M,95357613079056,156
F,95357613074160
M,95357613074160,109
F,95357613072224
F,95357613079232
F,95357613065520
M,95357613076096,62
M,95357613065392,116
M,95357613065520,135
F,95357613069696
M,95357613068800,152
F,95357613072432
M,95357613068640,149
M,95357613076176,68
F,95357613075952
F,95357613066464
F,95357613072048
F,95357613065056
F,95357613068800
F,95357613067984
F,95357613071168
F,95357613065392
F,95357613078304
F,95357613065216
F,95357613075232
M,95357613065392,107
F,95357613077168
M,95357613077328,73
M,95357613065216,160
F,95357613069088
M,95357613069088,94
M,95357613075232,61
F,95357613074160
F,95357613070912
F,95357613070432
M,95357613072432,185
M,95357613079232,185
F,95357613065520
M,95357613070432,67
F,95357613069088
M,95357613071168,70
F,95357613076320
F,95357613068208
M,95357613069696,183
F,95357613074544
M,95357613076320,80
F,95357613070432
M,95357613072224,188
M,95357613070432,59
M,95357613076848,189
M,95357613065520,129
F,95357613075232
F,95357613072944
M,95357613075232,59
F,95357613075056
F,95357613077568
M,95357613069088,98
M,95357613068208,148
M,95357613077168,149
F,95357613068960
M,95357613077568,124
F,95357613067360
F,95357613068208
F,95357613073712
M,95357613072944,81
M,95357613074912,76
F,95357613077168
M,95357613074544,178
F,95357613079648
F,95357613069200
F,95357613077568
F,95357613076176
M,95357613077568,136
F,95357613077424
F,95357613070768
M,95357613070768,136
F,95357613072432
M,95357613076656,174
F,95357613074416
M,95357613070912,93
M,95357613077424,122
M,95357613073712,154
F,95357613077424
M,95357613078864,181
F,95357613079232
F,95357613071408
M,95357613075744,55
M,95357613067008,52
F,95357613076320
M,95357613076320,79
M,95357613077168,141
F,95357613068640
M,95357613077056,94
M,95357613069504,169
F,95357613070432
M,95357613068528,98
F,95357613069504
M,95357613074416,120
M,95357613079232,187
F,95357613076096
M,95357613078304,165
M,95357613067264,73
F,95357613071168
F,95357613070912
F,95357613068528
M,95357613077424,133
M,95357613070432,60
F,95357613078864
M,95357613072048,160
M,95357613069200,113
M,95357613073136,55
F,95357613065392
F,95357613075312
M,95357613076256,50
M,95357613075312,120
M,95357613078864,169
M,95357613072432,189
M,95357613073888,160
F,95357613077568
F,95357613066864
F,95357613065216
F,95357613072432
F,95357613065952
M,95357613068528,92
M,95357613070912,98
F,95357613072048
F,95357613076320
M,95357613072432,196
F,95357613069200
F,95357613077056
F,95357613070912
F,95357613067792
M,95357613067792,117
M,95357613065952,64
M,95357613071408,57
M,95357613079648,196
M,95357613067920,55
F,95357613074736
M,95357613069504,183
F,95357613078480
M,95357613069200,116
M,95357613071520,186
M,95357613074736,156
M,95357613073040,81
F,95357613079648
F,95357613073040
F,95357613073200
M,95357613079648,192
F,95357613072944
M,95357613076176,63
M,95357613073040,76
M,95357613079440,195
F,95357613069200
F,95357613065840
F,95357613079648
M,95357613065664,54
F,95357613067072
M,95357613078480,175
M,95357613073616,75
M,95357613071024,54
F,95357613076176
M,95357613077568,126
M,95357613066208,80
M,95357613076464,169
M,95357613072640,78
M,95357613065840,100
M,95357613068640,145
F,95357613073888
M,95357613069200,107
M,95357613073888,160
M,95357613072048,164
M,95357613065216,165
F,95357613067008
F,95357613074912
F,95357613078864
M,95357613070912,92
M,95357613077056,90
M,95357613078864,184
M,95357613071728,92
F,95357613074416
F,95357613071728
F,95357613075744
F,95357613066672
F,95357613077328
F,95357613073136
F,95357613065952
M,95357613071728,97
F,95357613073040
M,95357613073136,54
M,95357613065728,90
F,95357613074544
M,95357613079648,192
F,95357613074288
F,95357613071728
M,95357613073040,83
M,95357613074288,120
M,95357613075952,126
M,95357613074416,106
F,95357613066032
F,95357613072048
M,95357613065392,109
F,95357613067264
F,95357613075312
F,95357613065392
F,95357613070432
F,95357613073136
F,95357613078672
F,95357613076464
M,95357613071728,100
F,95357613074416
F,95357613073616
F,95357613079056
M,95357613065952,64
F,95357613076256
M,95357613067152,94
M,95357613079056,159
M,95357613068208,137
F,95357613065664
F,95357613077568
F,95357613066768
F,95357613067920
F,95357613078304
M,95357613077568,134
F,95357613066208
F,95357613079648
F,95357613073712
F,95357613069696
F,95357613080032
M,95357613079648,197
M,95357613077856,134
M,95357613080032,155
F,95357613071728
M,95357613073712,164
F,95357613079856
F,95357613070256
M,95357613071728,95
M,95357613070512,98
F,95357613080032
F,95357613065840
M,95357613076176,68
M,95357613074416,106
F,95357613071408
F,95357613073712
M,95357613073408,199
F,95357613077168
F,95357613071728
F,95357613079232
M,95357613065392,105
F,95357613073040
F,95357613068640
M,95357613071728,93
F,95357613071024
F,95357613072224
M,95357613069696,175
F,95357613070768
M,95357613070768,121
M,95357613067264,84
F,95357613071520
M,95357613071520,193
M,95357613076464,177
M,95357613065840,89
M,95357613073712,159
F,95357613069088
F,95357613069696
F,95357613070512
F,95357613070912
M,95357613068640,141
F,95357613067264
F,95357613070768
M,95357613069696,183
M,95357613070768,131
M,95357613075808,129
M,95357613080032,166
M,95357613078672,175
M,95357613067264,86
F,95357613079648
F,95357613076656
F,95357613068640
M,95357613070624,133
F,95357613077856
M,95357613070912,104
F,95357613068368
F,95357613065840
F,95357613075568
F,95357613074288
M,95357613077856,134
M,95357613077328,83
M,95357613076656,174
F,95357613065728
M,95357613071408,61
F,95357613072640
F,95357613075952
M,95357613068640,141
F,95357613065216
F,95357613069504
M,95357613072640,84
M,95357613065216,163
F,95357613067264
M,95357613079648,197
F,95357613074416
M,95357613067072,59
M,95357613069504,178
M,95357613067360,69
M,95357613072224,196
F,95357613071728
M,95357613075056,59
M,95357613075952,132
M,95357613067984,61
M,95357613079232,189
F,95357613069888
F,95357613077856
F,95357613076176
F,95357613076464
M,95357613075568,159
F,95357613072432
M,95357613076176,66
M,95357613077856,132
F,95357613073888
F,95357613069504
F,95357613078480
F,95357613075808
F,95357613069200
F,95357613073408
F,95357613076176
M,95357613071728,90
F,95357613075952
M,95357613065728,97
F,95357613071408
M,95357613071408,58
M,95357613067264,88
F,95357613077856
F,95357613070912
M,95357613071024,52
M,95357613069200,112
M,95357613077168,139
F,95357613074736
F,95357613073712
M,95357613077856,125
M,95357613074416,108
M,95357613070912,89
M,95357613073408,194
M,95357613066672,82
F,95357613065216
F,95357613071840
F,95357613077568
F,95357613067984
F,95357613075232
F,95357613065728
F,95357613069696
F,95357613076656
F,95357613079232
F,95357613071728
F,95357613078672
F,95357613067360
M,95357613077568,126
F,95357613065392
M,95357613074912,82
M,95357613065392,116
F,95357613065520
F,95357613068528
M,95357613069696,181
M,95357613074736,162
M,95357613068800,143
M,95357613068528,101
M,95357613074064,84
F,95357613077568
M,95357613079232,194
M,95357613069408,76
M,95357613074288,108
M,95357613078480,171
F,95357613074416
F,95357613069408
M,95357613072432,193
F,95357613077856
M,95357613072736,186
M,95357613073888,161
F,95357613066672
F,95357613074912
M,95357613073200,191
M,95357613074416,112
F,95357613073888
M,95357613075312,119
M,95357613069504,178
F,95357613078480
F,95357613077056
M,95357613074912,78
M,95357613077056,92
M,95357613071728,104
M,95357613067360,72
F,95357613073408
F,95357613071024
M,95357613078480,177
M,95357613075232,69
M,95357613065056,151
M,95357613067632,148
M,95357613073408,191
M,95357613066672,77
F,95357613077056
F,95357613068208
F,95357613075056
F,95357613075568
F,95357613067792
M,95357613075056,66
M,95357613067792,118
M,95357613076464,176
F,95357613072224
M,95357613072224,198
M,95357613069888,170
M,95357613066464,191
M,95357613074544,183
M,95357613071840,186
M,95357613068960,117
M,95357613077856,136
M,95357613077568,121
M,95357613069408,80
M,95357613075568,158
F,95357613069696
M,95357613068208,147
M,95357613074160,105
M,95357613075440,105
M,95357613069696,170
M,95357613065520,136
F,95357613066464
F,95357613071520
F,95357613069888
M,95357613068368,120
M,95357613071024,51
M,95357613066112,86
F,95357613066112
M,95357613066304,139
F,95357613079232
F,95357613077712
F,95357613066672
M,95357613077056,91
F,95357613074416
F,95357613067264
F,95357613069200
M,95357613069200,118
M,95357613067984,64
M,95357613069888,170
F,95357613070624
F,95357613072432
F,95357613065952
F,95357613077328
M,95357613073888,167
M,95357613077328,88
M,95357613070256,167
M,95357613070624,124
F,95357613070256
F,95357613077856
M,95357613070256,164
F,95357613069200
F,95357613078864
F,95357613077056
M,95357613065952,68
M,95357613067264,77
M,95357613077856,127
M,95357613077056,96
F,95357613066304
F,95357613069504
M,95357613065728,96
F,95357613073888
F,95357613068800
M,95357613069200,115
F,95357613074736
F,95357613070624
F,95357613069696
F,95357613067984
F,95357613067072
F,95357613068528
F,95357613075232
F,95357613074288
F,95357613065392
M,95357613072432,187
M,95357613068800,146
M,95357613065392,111
M,95357613079232,191
F,95357613067264
F,95357613071728
F,95357613065728
F,95357613072224
M,95357613072224,185
M,95357613066304,145
M,95357613075232,60
M,95357613074288,105
F,95357613079440
F,95357613065520
M,95357613067264,85
M,95357613067072,58
F,95357613070768
F,95357613079648
F,95357613080032
M,95357613065728,103
F,95357613065728
M,95357613069696,184
M,95357613079648,192
F,95357613073408
F,95357613068208
F,95357613077856
M,95357613068208,151
F,95357613074544
F,95357613067632
M,95357613067632,150
M,95357613074544,184
M,95357613065728,90
F,95357613079232
M,95357613080032,159
M,95357613069504,169
F,95357613065056
M,95357613074736,154
M,95357613066672,78
F,95357613078480
F,95357613070256
F,95357613074912
M,95357613079232,188
F,95357613069200
F,95357613075312
M,95357613074912,78
M,95357613077856,121
F,95357613069504
F,95357613067632
F,95357613067264
M,95357613067920,51
M,95357613069504,179
M,95357613067984,65
M,95357613070768,136
F,95357613077424
M,95357613073408,186
M,95357613067632,139
M,95357613070256,159
F,95357613065952
F,95357613079056
F,95357613079232
M,95357613079056,158
F,95357613068208
M,95357613077424,124
F,95357613069504
F,95357613077056
F,95357613072432
F,95357613069696
M,95357613069696,174
F,95357613066304
F,95357613069696
M,95357613069696,171
M,95357613065520,127
F,95357613075056
F,95357613066672
F,95357613074160
F,95357613072224
F,95357613067920
M,95357613066304,148
F,95357613065520
F,95357613067072
F,95357613068368
M,95357613068368,117
M,95357613077056,90
F,95357613065392
M,95357613071728,103
F,95357613066304
F,95357613067792
M,95357613067072,57
F,95357613073200
F,95357613079056
F,95357613068800
M,95357613068800,150
M,95357613075056,59
M,95357613065520,131
M,95357613065952,68
M,95357613067920,52
F,95357613067632
F,95357613075568
F,95357613075232
F,95357613074736
F,95357613077328
F,95357613074064
M,95357613067632,145
M,95357613068528,95
M,95357613070624,126
F,95357613071408
F,95357613068528
F,95357613069888
M,95357613067792,112
F,95357613067984
M,95357613068528,96
M,95357613065840,91
M,95357613070512,91
F,95357613067792
M,95357613067984,65
M,95357613069888,177
F,95357613073408
M,95357613074064,75
M,95357613069504,176
M,95357613071408,70
M,95357613075232,67
F,95357613068368
M,95357613066304,141
M,95357613077328,87
F,95357613075232
F,95357613074912
M,95357613077712,126
M,95357613078480,178
M,95357613078864,170
F,95357613067072
M,95357613073200,189
F,95357613079648
F,95357613072736
M,95357613079648,189
M,95357613072224,197
M,95357613068368,111
M,95357613069088,91
F,95357613074064
M,95357613075952,128
F,95357613077168
M,95357613067072,60
F,95357613065952
M,95357613073712,103
F,95357613069888
M,95357613077168,139
F,95357613073200
F,95357613068528
F,95357613069088
M,95357613068208,141
F,95357613074544
F,95357613076464
M,95357613067792,108
F,95357613071408
F,95357613068960
F,95357613071728
M,95357613075568,160
M,95357613076464,169
M,95357613075808,129
M,95357613074064,83
F,95357613073712
M,95357613074544,174
M,95357613065664,55
F,95357613075440
F,95357613070256
F,95357613074064
F,95357613077568
M,95357613070256,166
F,95357613072640
F,95357613070912
M,95357613077568,132
F,95357613070768
M,95357613069888,174
M,95357613065056,152
F,95357613077568
M,95357613073200,190
M,95357613071408,59
M,95357613079056,162
F,95357613065664
M,95357613071248,149
F,95357613077168
M,95357613077168,149
F,95357613069696
F,95357613079056
M,95357613065664,52
F,95357613065664
M,95357613075440,109
F,95357613078480
F,95357613073200
F,95357613077424
M,95357613065952,67
M,95357613072640,86
F,95357613070256
F,95357613065520
M,95357613065216,146
F,95357613074288
M,95357613074736,144
F,95357613067072
M,95357613078480,180
M,95357613073200,197
F,95357613075952
M,95357613070256,168
F,95357613068208
F,95357613066304
F,95357613065728
F,95357613076848
M,95357613069696,178
M,95357613075952,124
M,95357613076848,188
M,95357613067072,62
F,95357613068800
M,95357613074288,107
F,95357613072224
F,95357613078480
F,95357613067072
M,95357613065728,100
M,95357613079056,158
F,95357613078864
M,95357613068960,118
M,95357613065520,126
M,95357613070912,102
M,95357613072224,194
M,95357613067072,64
F,95357613071024
M,95357613073712,90
F,95357613079056
F,95357613073712
F,95357613077168
M,95357613077424,121
F,95357613075568
M,95357613074064,74
M,95357613071024,52
F,95357613075440
F,95357613069696
M,95357613077168,152
F,95357613067152
M,95357613075232,59
F,95357613077056
M,95357613076176,58
M,95357613069696,180
M,95357613078864,174
M,95357613075568,154
F,95357613075568
M,95357613069328,57
F,95357613067792
M,95357613078480,174
F,95357613065952
F,95357613072224
F,95357613071840
F,95357613077712
M,95357613075568,162
M,95357613068800,137
M,95357613067792,117
F,95357613074064
F,95357613076176
M,95357613074064,75
F,95357613067984
F,95357613075568
M,95357613066304,150
F,95357613075952
M,95357613068208,149
M,95357613075568,157
M,95357613074912,73
M,95357613079056,158
M,95357613075440,115
F,95357613075568
M,95357613067440,174
M,95357613065664,55
M,95357613064864,150
F,95357613071024
F,95357613067072
F,95357613077168
M,95357613075952,125
F,95357613068960
F,95357613076848
F,95357613075056
F,95357613077328
M,95357613077712,123
M,95357613077168,138
F,95357613074064
M,95357613074064,77
F,95357613069888
F,95357613077712
M,95357613071840,196
M,95357613077056,98
M,95357613072224,195
F,95357613079056
M,95357613069888,179
M,95357613067152,101
F,95357613070912
F,95357613067632
F,95357613075232
F,95357613074288
M,95357613077712,135
M,95357613075232,72
F,95357613071408
M,95357613077328,87
F,95357613071248
F,95357613068640
F,95357613069696
M,95357613071408,66
M,95357613066672,75
F,95357613079648
M,95357613075056,61
F,95357613075440
F,95357613074544
M,95357613077568,133
M,95357613067072,67
F,95357613078864
M,95357613068640,151
M,95357613071248,148
F,95357613066672
M,95357613079056,158
F,95357613069504
M,95357613070912,98
F,95357613065520
F,95357613068208
F,95357613072224
M,95357613069504,170
M,95357613075568,165
M,95357613066672,82
F,95357613067072
F,95357613067920
M,95357613074288,116
F,95357613065664
M,95357613073888,157
M,95357613078864,179
F,95357613070912
F,95357613071408
M,95357613072224,187
M,95357613071408,72
F,95357613066304
M,95357613079648,192
F,95357613074064
M,95357613079856,164
M,95357613065520,135
M,95357613072432,198
M,95357613067072,64
M,95357613070768,136
M,95357613074544,170
F,95357613065520
M,95357613078304,158
M,95357613069696,179
F,95357613069888
M,95357613079232,199
M,95357613067984,72
M,95357613069888,181
M,95357613068960,111
F,95357613067792
F,95357613065840
M,95357613066304,141
F,95357613070624
M,95357613078672,176
M,95357613065840,92
F,95357613077856
F,95357613069504
F,95357613069408
M,95357613069504,177
M,95357613077856,129
M,95357613065664,52
F,95357613067440
F,95357613077856
M,95357613076176,61
M,95357613067920,54
M,95357613069408,83
F,95357613064864
M,95357613072048,165
F,95357613065056
M,95357613074064,88
M,95357613071024,54
F,95357613079648
F,95357613076464
M,95357613077856,136
M,95357613070912,98
M,95357613067792,114
M,95357613079648,197
F,95357613067920
M,95357613079440,196
M,95357613065392,113
F,95357613068640
F,95357613079440
M,95357613070624,127
F,95357613068368
F,95357613071408
F,95357613069328
F,95357613078480
F,95357613079056
F,95357613077328
F,95357613078672
M,95357613068368,107
F,95357613071248
M,95357613067920,52
F,95357613067360
M,95357613077328,80
F,95357613065840
F,95357613070256
M,95357613065840,90
F,95357613077328
F,95357613074736
F,95357613073888
M,95357613077328,78
F,95357613067984
F,95357613076176
F,95357613067072
F,95357613078304
F,95357613074544
F,95357613079232
F,95357613077856
F,95357613077712
M,95357613074160,110
M,95357613077712,123
M,95357613067264,74
M,95357613074544,179
M,95357613066112,84
M,95357613076256,56
M,95357613077856,130
F,95357613068960
M,95357613068960,120
F,95357613066112
M,95357613067072,69
F,95357613074064
F,95357613073200
F,95357613080032
M,95357613073712,99
M,95357613065520,127
F,95357613071024
M,95357613073200,193
M,95357613080032,164
F,95357613068960
M,95357613071248,146
F,95357613068800
F,95357613072048
M,95357613068800,151
F,95357613078864
M,95357613073408,128
M,95357613068960,119
F,95357613075056
M,95357613072048,164
M,95357613075056,69
F,95357613072224
F,95357613072432
F,95357613066304
M,95357613072432,188
F,95357613068800
M,95357613075312,116
M,95357613072224,188
M,95357613076176,66
F,95357613067920
M,95357613071728,91
M,95357613068800,147
M,95357613074064,86
F,95357613075056
F,95357613076176
F,95357613065392
F,95357613069696
F,95357613067792
M,95357613072736,124
M,95357613069088,103
F,95357613077056
M,95357613078000,124
F,95357613075232
M,95357613066304,152
M,95357613076176,67
M,95357613066112,73
M,95357613078144,131
M,95357613076656,130
M,95357613068640,140
M,95357613075056,66
M,95357613077056,97
M,95357613073040,75
M,95357613068528,102
M,95357613068064,88
M,95357613076800,123
F,95357613065664
M,95357613079232,192
M,95357613067792,117
F,95357613072640
M,95357613072640,86
F,95357613073200
M,95357613078304,158
F,95357613070912
M,95357613073200,187
F,95357613066672
F,95357613075056
M,95357613070912,91
F,95357613068064
M,95357613065056,151
F,95357613077568
M,95357613064864,137
F,95357613066112
M,95357613069696,181
M,95357613073888,161
F,95357613074544
M,95357613065392,114
F,95357613079856
M,95357613066672,82
F,95357613067072
F,95357613076656
M,95357613066864,80
M,95357613067072,66
F,95357613069888
F,95357613072640
F,95357613069504
F,95357613073200
F,95357613068528
F,95357613075568
M,95357613069200,111
M,95357613075568,154
M,95357613073200,198
F,95357613068640
F,95357613068368
M,95357613068528,104
F,95357613079232
M,95357613076656,129
M,95357613079856,166
F,95357613065056
M,95357613075056,67
M,95357613065664,55
F,95357613073040
F,95357613077712
F,95357613065664
F,95357613068960
F,95357613077056
F,95357613076800
M,95357613079232,197
F,95357613073200
F,95357613067072
M,95357613065664,55
M,95357613074736,160
F,95357613065664
M,95357613076800,132
F,95357613075952
M,95357613069888,171
M,95357613073040,85
F,95357613074160
F,95357613064864
M,95357613073200,196
M,95357613070256,155
M,95357613074544,175
M,95357613077056,91
F,95357613076656
M,95357613079056,166
M,95357613074160,107
M,95357613065664,52
F,95357613066864
F,95357613065520
M,95357613068960,120
F,95357613068528
M,95357613066864,81
F,95357613065216
F,95357613076176
M,95357613076176,63
M,95357613068368,113
F,95357613074064
F,95357613079856
M,95357613074416,113
F,95357613065840
F,95357613072736
M,95357613079856,156
F,95357613066304
M,95357613066304,145
F,95357613067792
F,95357613074912
M,95357613065216,159
F,95357613074736
F,95357613079856
M,95357613067792,116
F,95357613075808
F,95357613067264
M,95357613075440,120
M,95357613079856,158
M,95357613065840,90
F,95357613070768
M,95357613068528,101
M,95357613067072,69
M,95357613079440,194
F,95357613076176
M,95357613074064,82
F,95357613073040
F,95357613068960
M,95357613076944,94
M,95357613074736,164
F,95357613070624
F,95357613067072
M,95357613070080,164
F,95357613076944
M,95357613071520,199
M,95357613078864,173
F,95357613072432
F,95357613077856
F,95357613079440
M,95357613073040,87
M,95357613079440,198
M,95357613072432,187
M,95357613067072,65
M,95357613072640,77
F,95357613075312
F,95357613077056
M,95357613078672,170
M,95357613066464,199
F,95357613065840
F,95357613073200
F,95357613074736
M,95357613065840,96
M,95357613074736,160
F,95357613079440
F,95357613065216
F,95357613069088
F,95357613073712
F,95357613071840
M,95357613065216,164
M,95357613078480,169
M,95357613076464,173
M,95357613071840,199
M,95357613069504,154
F,95357613070912
M,95357613075312,106
F,95357613069200
M,95357613075808,125
F,95357613068528
F,95357613075440
F,95357613069408
F,95357613074288
M,95357613074288,116
M,95357613068528,98
M,95357613072736,129
M,95357613064864,144
M,95357613069408,78
F,95357613074544
F,95357613065728
M,95357613065520,128
M,95357613076656,126
M,95357613065056,137
F,95357613065056
F,95357613076464
F,95357613079232
M,95357613075952,125
F,95357613067792
F,95357613071248
F,95357613073040
F,95357613074288
M,95357613076176,69
F,95357613073888
F,95357613078864
F,95357613075568
F,95357613072224
F,95357613065216
F,95357613072432
M,95357613067920,56
F,95357613066864
M,95357613065216,164
M,95357613072432,188
M,95357613072224,194
F,95357613070080
M,95357613071024,56
F,95357613066304
M,95357613066864,74
M,95357613078864,171
F,95357613069696
F,95357613070512
M,95357613079232,185
F,95357613076256
M,95357613066304,145
F,95357613064864
M,95357613076256,56
M,95357613070080,154
M,95357613069696,181
M,95357613074288,111
F,95357613078480
F,95357613076256
F,95357613066864
M,95357613078480,182
F,95357613070256
F,95357613068368
F,95357613069408
F,95357613074736
F,95357613072224
M,95357613067984,62
M,95357613070512,90
F,95357613075808
M,95357613072224,199
M,95357613068368,119
M,95357613079440,185
F,95357613079440
F,95357613065520
F,95357613072432
M,95357613065520,134
F,95357613065216
M,95357613065728,104
F,95357613072048
F,95357613078144
M,95357613072432,197
F,95357613065840
F,95357613075056
F,95357613077424
M,95357613077424,133
M,95357613079440,196
M,95357613072048,156
F,95357613070512
F,95357613074416
F,95357613066672
F,95357613069504
F,95357613078000
F,95357613074288
M,95357613069504,182
F,95357613078304
F,95357613080032
M,95357613075056,63
M,95357613067360,67
M,95357613080032,161
M,95357613078000,134
F,95357613072224
M,95357613076256,50
F,95357613076800
M,95357613078144,144
M,95357613074288,112
F,95357613065728
M,95357613070512,104
F,95357613078672
M,95357613076800,131
M,95357613069328,72
M,95357613078304,156
F,95357613069888
M,95357613069888,179
M,95357613073136,52
F,95357613078000
M,95357613072224,191
F,95357613067360
M,95357613065216,153
F,95357613078144
F,95357613070512
F,95357613076656
F,95357613066304
M,95357613074736,156
F,95357613078304
M,95357613067360,65
F,95357613075952
M,95357613073200,194
F,95357613079440
F,95357613069328
F,95357613069504
F,95357613065392
F,95357613074160
F,95357613065520
F,95357613076256
F,95357613067360
M,95357613079440,186
M,95357613074160,105
M,95357613070624,199
M,95357613065520,122
M,95357613078144,151
F,95357613074160
F,95357613079440
F,95357613079232
F,95357613077168
F,95357613079648
F,95357613075056
M,95357613074160,119
F,95357613075312
M,95357613075056,61
F,95357613074736
M,95357613079648,191
F,95357613077328
F,95357613074160
M,95357613074736,160
M,95357613076256,53
M,95357613070512,99
M,95357613079232,198
F,95357613065520
M,95357613065520,124
M,95357613078304,158
F,95357613074736
F,95357613076256
M,95357613065840,89
M,95357613067360,64
M,95357613074736,154
M,95357613077168,146
M,95357613064864,138
M,95357613071248,146
M,95357613069328,65
M,95357613066864,88
F,95357613069696
M,95357613075952,136
M,95357613070912,102
M,95357613069696,180
M,95357613069504,170
F,95357613075952
M,95357613079440,198
F,95357613064864
M,95357613080208,192
M,95357613073712,92
M,95357613075952,121
F,95357613072224
M,95357613078672,169
F,95357613065216
F,95357613079440
M,95357613065216,156
F,95357613065216
M,95357613069088,100
F,95357613068528
F,95357613071248
F,95357613069328
M,95357613069328,62
F,95357613071520
M,95357613071408,61
M,95357613076464,173
F,95357613077424
F,95357613069088
M,95357613065216,156
F,95357613069328
M,95357613071248,148
F,95357613071248
M,95357613077424,124
F,95357613079648
M,95357613070256,166
F,95357613077424
F,95357613072736
F,95357613080032
M,95357613080032,155
M,95357613072736,132
F,95357613071728
F,95357613065520
M,95357613071728,104
M,95357613071248,147
F,95357613078672
F,95357613079856
M,95357613079648,188
F,95357613067152
F,95357613068800
M,95357613071520,191
F,95357613071728
M,95357613079856,165
F,95357613078864
F,95357613080032
F,95357613071840
F,95357613066864
M,95357613075312,116
M,95357613066864,85
M,95357613071728,98
M,95357613073040,82
F,95357613073408
F,95357613072736
M,95357613065520,127
M,95357613078864,177
M,95357613077424,135
F,95357613069888
F,95357613079648
F,95357613065664
F,95357613074064
F,95357613077168
M,95357613077168,143
M,95357613067152,99
F,95357613069696
F,95357613065840
M,95357613080032,168
M,95357613075568,166
M,95357613069328,62
F,95357613067920
M,95357613069696,174
F,95357613071520
M,95357613073888,159
F,95357613077424
M,95357613071520,185
F,95357613075952
M,95357613075952,132
M,95357613069888,172
M,95357613079648,196
M,95357613071840,189
F,95357613071408
M,95357613078672,173
M,95357613079440,193
F,95357613068368
F,95357613067152
M,95357613067152,98
M,95357613074544,172
M,95357613065840,103
M,95357613068368,110
F,95357613069328
M,95357613069088,91
F,95357613075952
F,95357613067984
F,95357613075056
F,95357613074544
F,95357613069088
F,95357613078304
M,95357613074064,87
F,95357613067072
M,95357613075952,122
M,95357613072224,196
M,95357613067072,61
F,95357613067072
F,95357613079232
F,95357613068368
F,95357613073200
M,95357613077424,131
F,95357613073712
F,95357613066864
M,95357613074544,175
M,95357613076656,130
M,95357613067440,175
F,95357613074736
F,95357613066464
F,95357613077168
F,95357613070080
M,95357613067072,60
M,95357613066464,197
F,95357613073040
F,95357613071024
M,95357613078000,126
M,95357613075808,121
F,95357613073888
M,95357613077168,139
M,95357613077712,136
F,95357613076656
F,95357613072224
F,95357613067360
M,95357613073888,160
M,95357613071024,50
F,95357613069888
M,95357613067360,65
M,95357613076656,125
M,95357613077568,121
M,95357613070080,167
M,95357613073712,104
M,95357613068800,140
M,95357613067920,54
F,95357613079440
F,95357613066464
F,95357613072432
F,95357613072048
M,95357613064864,151
F,95357613074064
F,95357613077568
M,95357613065664,53
F,95357613065664
F,95357613072640
F,95357613079648
F,95357613069504
F,95357613077424
F,95357613075568
F,95357613067440
F,95357613076176
M,95357613069088,98
F,95357613079056
M,95357613073040,76
F,95357613074544
M,95357613065056,139
M,95357613079648,193
M,95357613066864,79
M,95357613068640,152
F,95357613067360
M,95357613068368,110
M,95357613076320,88
F,95357613067072
M,95357613068208,145
F,95357613076800
M,95357613067360,63
F,95357613077712
F,95357613075952
M,95357613075952,121
M,95357613065664,56
F,95357613068368
F,95357613078864
M,95357613078864,181
F,95357613076464
F,95357613075312
F,95357613067360
M,95357613072432,199
F,95357613076656
F,95357613079648
F,95357613071840
M,95357613067360,66
F,95357613071520
M,95357613068528,94
F,95357613078480
F,95357613073136
F,95357613075952
M,95357613068368,120
F,95357613077168
M,95357613065392,105
M,95357613077168,139
M,95357613078480,182
F,95357613077168
F,95357613066864
F,95357613078000
M,95357613077168,139
M,95357613078000,132
F,95357613068208
M,95357613077056,98
M,95357613068208,142
M,95357613074416,109
M,95357613071840,186
F,95357613080032
M,95357613079648,190
F,95357613067152
M,95357613076176,70
M,95357613067632,140
F,95357613076320
F,95357613068368
F,95357613078000
M,95357613078000,134
F,95357613068528
M,95357613066464,198
M,95357613075056,66
F,95357613072432
M,95357613067984,62
F,95357613068640
F,95357613077056
F,95357613078672
F,95357613078864
M,95357613075952,126
F,95357613064864
M,95357613064864,138
F,95357613065392
F,95357613069088
F,95357613079648
F,95357613067632
F,95357613074416
F,95357613076176
F,95357613070080
M,95357613079648,195
M,95357613069088,95
M,95357613076176,57
M,95357613078864,175
M,95357613069328,62
M,95357613076320,78
F,95357613071840
M,95357613070080,161
M,95357613077056,94
M,95357613066864,87
M,95357613078672,173
M,95357613080032,160
M,95357613074416,116
M,95357613065392,120
M,95357613079056,164
M,95357613072944,75
F,95357613078672
M,95357613075568,159
F,95357613071024
M,95357613071024,51
F,95357613077168
M,95357613068368,110
F,95357613080208
F,95357613074416
M,95357613080208,189
F,95357613076320
M,95357613077168,139
F,95357613075056
M,95357613076320,75
F,95357613077056
M,95357613076656,126
M,95357613073136,50
M,95357613073616,81
F,95357613067984
M,95357613071840,197
F,95357613068800
F,95357613078144
F,95357613064864
F,95357613065664
M,95357613066768,76
F,95357613071024
F,95357613067360
M,95357613071024,55
F,95357613078864
M,95357613077056,92
M,95357613077712,121
M,95357613066208,87
M,95357613076800,125
F,95357613066208
M,95357613067360,57
M,95357613074416,115
F,95357613071248
M,95357613072432,187
F,95357613069328
F,95357613078000
M,95357613067792,117
M,95357613078000,135
F,95357613078000
M,95357613079440,199
F,95357613079648
F,95357613079440
M,95357613075440,111
F,95357613077168
F,95357613071840
F,95357613069088
F,95357613076656
M,95357613072048,157
M,95357613069200,118
F,95357613075440
F,95357613072944
M,95357613071840,192
M,95357613065664,51
F,95357613077056
F,95357613066768
M,95357613074736,154
F,95357613076176
M,95357613077168,147
M,95357613077056,92
F,95357613075568
F,95357613072048
M,95357613076176,66
M,95357613079440,191
F,95357613079440
M,95357613069328,72
M,95357613078864,179
M,95357613078672,169
M,95357613069088,102
M,95357613076256,54
M,95357613076656,129
F,95357613070256
F,95357613073888
F,95357613070080
F,95357613067792
M,95357613068528,97
F,95357613079056
F,95357613065392
F,95357613065216
M,95357613076464,174
M,95357613075744,51
F,95357613069200
F,95357613075744
F,95357613076464
M,95357613079056,161
M,95357613067984,71
F,95357613068208
M,95357613066768,77
F,95357613076656
M,95357613067152,92
M,95357613076944,98
M,95357613065728,95
M,95357613076464,169
F,95357613069696
F,95357613077712
F,95357613076320
F,95357613068368
M,95357613070080,163
M,95357613075056,64
M,95357613068368,109
M,95357613077712,130
F,95357613070624
F,95357613071728
M,95357613068208,139
M,95357613076320,88
F,95357613074416
F,95357613073712
M,95357613071408,72
M,95357613071248,147
F,95357613078672
F,95357613067920
M,95357613065952,60
F,95357613065520
F,95357613070912
F,95357613080208
M,95357613070912,97
M,95357613073888,160
F,95357613067360
F,95357613080032
M,95357613073712,92
M,95357613065520,122
F,95357613075056
M,95357613080032,159
F,95357613066464
F,95357613073136
F,95357613074736
F,95357613065952
M,95357613071728,94
F,95357613073616
F,95357613066864
M,95357613080208,193
M,95357613064864,144
M,95357613078144,146
F,95357613067152
F,95357613067984
F,95357613080032
F,95357613078144
M,95357613074416,105
F,95357613069328
F,95357613065840
M,95357613069328,68
M,95357613078672,181
F,95357613076176
M,95357613066864,74
F,95357613077168
M,95357613065840,97
M,95357613069696,184
M,95357613067152,94
M,95357613077168,137
F,95357613069328
F,95357613068368
F,95357613078672
M,95357613076656,122
M,95357613068368,116
F,95357613076656
M,95357613077856,104
F,95357613075808
F,95357613069696
M,95357613069200,116
M,95357613070624,188
M,95357613073136,51
M,95357613065216,97
F,95357613065216
F,95357613076320
M,95357613079440,193
F,95357613074416
F,95357613074288
F,95357613070512
M,95357613079648,196
F,95357613080208
F,95357613070912
M,95357613069696,178
F,95357613071408
M,95357613074288,115
M,95357613080208,196
F,95357613079056
F,95357613065664
M,95357613076320,85
M,95357613079056,163
F,95357613079856
M,95357613071408,64
M,95357613070912,102
F,95357613078864
M,95357613075808,133
M,95357613076656,121
F,95357613076656
F,95357613064864
M,95357613073616,86
M,95357613070512,92
M,95357613064864,148
M,95357613065664,54
M,95357613078144,138
M,95357613065216,92
M,95357613079856,164
F,95357613066768
M,95357613074416,115
M,95357613076656,123
F,95357613078144
F,95357613080208
M,95357613073408,95
F,95357613079648
M,95357613078864,174
M,95357613080032,154
M,95357613066768,75
F,95357613068208
F,95357613069088
M,95357613069088,96
M,95357613065392,115
F,95357613065664
F,95357613065056
F,95357613077168
F,95357613079440
F,95357613068528
M,95357613078672,170
M,95357613069328,62
F,95357613076944
M,95357613074544,177
F,95357613076464
M,95357613076944,93
M,95357613076464,179
F,95357613069200
F,95357613079056
F,95357613071728
M,95357613072944,88
M,95357613066208,76
M,95357613078000,131
F,95357613078864
F,95357613065840
F,95357613077856
M,95357613077168,151
M,95357613065664,53
F,95357613073040
F,95357613068368
M,95357613079056,163
M,95357613076176,60
F,95357613072944
M,95357613074736,163
M,95357613067984,62
F,95357613074544
F,95357613075808
M,95357613065056,140
M,95357613070256,155
F,95357613070256
F,95357613079856
M,95357613079856,161
M,95357613074544,182
M,95357613079440,199
M,95357613077856,99
F,95357613076656
M,95357613072944,74
M,95357613068368,109
F,95357613065664
M,95357613068208,144
M,95357613079648,186
M,95357613065840,92
F,95357613074288
F,95357613076176
M,95357613076656,131
M,95357613080208,193
M,95357613076176,63
M,95357613070256,158
M,95357613078864,170
F,95357613069328
F,95357613076320
M,95357613072224,186
F,95357613076800
F,95357613071248
M,95357613067440,170
M,95357613071248,149
M,95357613074288,106
F,95357613078480
M,95357613076800,128
F,95357613067440
M,95357613069200,111
F,95357613071840
F,95357613066864
M,95357613075808,126
F,95357613071408
M,95357613067440,180
F,95357613070624
F,95357613069088
F,95357613067152
M,95357613065664,54
F,95357613077168
F,95357613070256
F,95357613079440
F,95357613069696
M,95357613071408,67
F,95357613073888
F,95357613071408
F,95357613076656
M,95357613071408,57
M,95357613069328,57
M,95357613069696,177
F,95357613074544
F,95357613071248
M,95357613074544,183
F,95357613076256
M,95357613065952,60
M,95357613067152,96
M,95357613076656,126
F,95357613071408
F,95357613074736
F,95357613074544
F,95357613073408
M,95357613074544,183
F,95357613076800
M,95357613074736,153
F,95357613074288
M,95357613071248,147
M,95357613066864,73
M,95357613078480,182
F,95357613067152
F,95357613076944
F,95357613067440
F,95357613078864
F,95357613076176
F,95357613066768
F,95357613072224
F,95357613077712
M,95357613077712,129
M,95357613076800,123
M,95357613074288,107
M,95357613072224,186
M,95357613067792,112
F,95357613070512
M,95357613070512,91
M,95357613076944,96
M,95357613077424,129
M,95357613075440,114
F,95357613070912
F,95357613068368
M,95357613066768,75
F,95357613072224
M,95357613068368,106
M,95357613077568,121
F,95357613071024
F,95357613072432
F,95357613077856
F,95357613066208
F,95357613078000
F,95357613070512
M,95357613072432,185
M,95357613077168,152
M,95357613078000,123
F,95357613068368
M,95357613072736,129
F,95357613071248
F,95357613078480
M,95357613071488,123
M,95357613073888,163
M,95357613068368,107
F,95357613077424
M,95357613066208,88
F,95357613065664
M,95357613076176,58
M,95357613071248,152
M,95357613077856,92
M,95357613070256,160
M,95357613070912,103
M,95357613068960,114
M,95357613065664,55
F,95357613076944
M,95357613076944,102
F,95357613065952
F,95357613065392
M,95357613078480,176
F,95357613076944
F,95357613072736
F,95357613072944
M,95357613072736,128
F,95357613070912
M,95357613078864,182
M,95357613072048,167
F,95357613065664
M,95357613072944,78
F,95357613066768
M,95357613078144,137
M,95357613075568,153
M,95357613066768,84
M,95357613065392,118
M,95357613070912,96
F,95357613065216
F,95357613066208
M,95357613072224,186
M,95357613067440,181
F,95357613065840
M,95357613079440,197
F,95357613073712
F,95357613079440
M,95357613068800,139
F,95357613076176
F,95357613076656
F,95357613070912
M,95357613066208,88
M,95357613079440,199
F,95357613067792
M,95357613065216,103
F,95357613078480
M,95357613067792,113
M,95357613076320,76
M,95357613078480,173
F,95357613078864
F,95357613077056
F,95357613066208
F,95357613066864
M,95357613075312,118
F,95357613069328
F,95357613072736
F,95357613078144
F,95357613073888
M,95357613072736,129
M,95357613069328,72
F,95357613068960
M,95357613073888,154
F,95357613076464
M,95357613076464,172
F,95357613074288
F,95357613079056
M,95357613078144,138
M,95357613070624,187
M,95357613076176,68
F,95357613067440
M,95357613076656,125
M,95357613071840,190
M,95357613074288,105
M,95357613077424,125
F,95357613077856
F,95357613074416
M,95357613067632,143
F,95357613067984
F,95357613068368
F,95357613067632
F,95357613076176
F,95357613070080
F,95357613069696
M,95357613076176,70
M,95357613067632,143
F,95357613068800
M,95357613065664,54
M,95357613067984,70
F,95357613073136
F,95357613075440
M,95357613073200,197
F,95357613076800
F,95357613079648
F,95357613065520
F,95357613065056
F,95357613075952
F,95357613064864
F,95357613072224
M,95357613064864,148
M,95357613077056,94
F,95357613077568
F,95357613071840
F,95357613077712
M,95357613065952,64
M,95357613069696,180
F,95357613079856
M,95357613077712,128
M,95357613067440,169
M,95357613066864,75
F,95357613076320
F,95357613077424
F,95357613077168
M,95357613076320,85
M,95357613078864,173
M,95357613077168,150
M,95357613066208,75
F,95357613074544
F,95357613070256
F,95357613071488
F,95357613078864
M,95357613071488,133
F,95357613076656
M,95357613076656,125
F,95357613071488
M,95357613070256,160
F,95357613073888
M,95357613075440,119
F,95357613067984
M,95357613071840,199
F,95357613072048
F,95357613070256
M,95357613076944,102
F,95357613074288
F,95357613069696
M,95357613071488,130
M,95357613073040,83
F,95357613073200
M,95357613072640,74
M,95357613067984,68
M,95357613066112,86
F,95357613067984
F,95357613078672
F,95357613066208
M,95357613077424,124
F,95357613076464
F,95357613076944
M,95357613076464,182
F,95357613079440
M,95357613065056,146
F,95357613065664
M,95357613078672,170
F,95357613073040
F,95357613077712
M,95357613074288,110
M,95357613077712,121
M,95357613070256,167
F,95357613077424
F,95357613075440
F,95357613072432
M,95357613072048,162
M,95357613077424,130
M,95357613068800,151
F,95357613072048
M,95357613076944,104
M,95357613075440,119
M,95357613067984,60
M,95357613077568,124
M,95357613071408,70
F,95357613073616
M,95357613075952,128
M,95357613065520,129
F,95357613065216
M,95357613066208,82
M,95357613068368,111
F,95357613075808
M,95357613068640,145
F,95357613068368
F,95357613068800
M,95357613065216,98
F,95357613072944
F,95357613067792
M,95357613072048,160
M,95357613067152,104
F,95357613075952
F,95357613067984
F,95357613074736
F,95357613076464
F,95357613075312
F,95357613068208
F,95357613070624
F,95357613071840
M,95357613075312,108
M,95357613067984,57
M,95357613068208,151
F,95357613069328
M,95357613076464,176
M,95357613073408,98
F,95357613076176
F,95357613066112
F,95357613078144
M,95357613069696,176
M,95357613075952,131
F,95357613066864
M,95357613078144,140
F,95357613069200
F,95357613077424
F,95357613078000
M,95357613076176,58
M,95357613065664,50
M,95357613072944,79
M,95357613073136,54
F,95357613064864
F,95357613072048
F,95357613072640
F,95357613071248
F,95357613077712
M,95357613077712,133
F,95357613066208
F,95357613075312
F,95357613077168
F,95357613080032
M,95357613071024,56
M,95357613072048,155
M,95357613072640,78
M,95357613074912,76
F,95357613072944
M,95357613069328,67
M,95357613072944,87
F,95357613076656
F,95357613078480
M,95357613067264,84
F,95357613078672
M,95357613076256,56
M,95357613078672,176
F,95357613073408
M,95357613076656,136
M,95357613069408,78
M,95357613075312,117
M,95357613069200,111
F,95357613075952
F,95357613065056
M,95357613075056,70
M,95357613067360,59
M,95357613070624,186
M,95357613073408,103
M,95357613074736,155
F,95357613078672
M,95357613067792,105
M,95357613065056,141
F,95357613069696
M,95357613069696,180
F,95357613073408
M,95357613066672,79
F,95357613076464
F,95357613067984
F,95357613066768
F,95357613076944
F,95357613065056
M,95357613068368,108
M,95357613066768,88
F,95357613069408
F,95357613076656
M,95357613076944,98
M,95357613067984,69
M,95357613073408,94
M,95357613069088,103
F,95357613072736
F,95357613065952
M,95357613069408,76
M,95357613076464,176
M,95357613077328,74
F,95357613072944
M,95357613074416,107
F,95357613065392
F,95357613076320
F,95357613072640
F,95357613075440
M,95357613065056,151
F,95357613065216
F,95357613077328
M,95357613072432,189
F,95357613072048
M,95357613077168,139
M,95357613077328,77
M,95357613072640,79
F,95357613075056
M,95357613072048,161
M,95357613078672,172
M,95357613065216,99
M,95357613079440,185
M,95357613075440,111
M,95357613073200,186
F,95357613067360
M,95357613078480,182
M,95357613073888,159
F,95357613072432
M,95357613072432,190
M,95357613071728,93
M,95357613072736,127
M,95357613071248,146
F,95357613078144
F,95357613069408
M,95357613068528,92
M,95357613067360,58
F,95357613075312
M,95357613078144,149
M,95357613075056,59
F,95357613068528
M,95357613076656,125
F,95357613071408
M,95357613064864,137
F,95357613074288
M,95357613072224,198
F,95357613077056
M,95357613077056,100
F,95357613078672
F,95357613072224
M,95357613071408,64
F,95357613069200
F,95357613065664
M,95357613069200,117
M,95357613079856,159
F,95357613072736
F,95357613079856
F,95357613077168
F,95357613071728
F,95357613065216
F,95357613076256
M,95357613072224,198
F,95357613067984
F,95357613072432
M,95357613078672,175
F,95357613074912
M,95357613065216,92
M,95357613079856,166
F,95357613067440
F,95357613064864
M,95357613074288,115
M,95357613064864,146
F,95357613080208
M,95357613067440,184
F,95357613075056
F,95357613069328
M,95357613078864,179
F,95357613066672
F,95357613076656
F,95357613067264
M,95357613074544,178
M,95357613076656,129
M,95357613069328,67
F,95357613071408
F,95357613068640
M,95357613068640,143
F,95357613078864
F,95357613073408
M,95357613078864,169
M,95357613069504,172
F,95357613067152
F,95357613069504
M,95357613067152,98
F,95357613068208
M,95357613068208,149
F,95357613076656
F,95357613067440
M,95357613073408,102
M,95357613067440,173
M,95357613080208,199
F,95357613070624
F,95357613065216
F,95357613078672
M,95357613070624,187
M,95357613065216,97
F,95357613070624
M,95357613077168,147
F,95357613078144
F,95357613072224
F,95357613065056
M,95357613070080,157
M,95357613071728,100
M,95357613078672,178
F,95357613072048
F,95357613071728
F,95357613073888
M,95357613076656,130
F,95357613071248
F,95357613069200
M,95357613071408,67
M,95357613071728,104
F,95357613077568
M,95357613067264,84
F,95357613067440
F,95357613075440
F,95357613068208
M,95357613075440,111
M,95357613066672,75
M,95357613077568,129
M,95357613068528,92
M,95357613068208,150
M,95357613067440,175
M,95357613074912,74
F,95357613074912
M,95357613072736,123
M,95357613071248,137
M,95357613073888,153
F,95357613077568
M,95357613069200,113
F,95357613069200
F,95357613077168
M,95357613077568,132
M,95357613077168,145
M,95357613065056,149
M,95357613074912,73
F,95357613065728
M,95357613072224,198
M,95357613069200,105
F,95357613069328
M,95357613075952,130
M,95357613072048,160
F,95357613074416
F,95357613074288
M,95357613078144,152
F,95357613077712
F,95357613080208
M,95357613079056,166
F,95357613077056
F,95357613074736
M,95357613077056,90
M,95357613080208,196
F,95357613070256
F,95357613077328
F,95357613076656
M,95357613068800,144
M,95357613077328,88
F,95357613072736
F,95357613077168
M,95357613070256,166
F,95357613066672
F,95357613066768
F,95357613077328
M,95357613077328,78
F,95357613065056
F,95357613077568
M,95357613072736,134
M,95357613065728,97
F,95357613076176
F,95357613073888
M,95357613076656,128
M,95357613077712,125
F,95357613076944
M,95357613066768,76
F,95357613068640
F,95357613079056
F,95357613078864
F,95357613068800
F,95357613078672
F,95357613071248
F,95357613079440
F,95357613067632
F,95357613077712
F,95357613066768
F,95357613068368
M,95357613077712,130
F,95357613067440
F,95357613078144
F,95357613071408
M,95357613066768,88
M,95357613078144,143
F,95357613075440
F,95357613072736
M,95357613068368,109
F,95357613067264
F,95357613076464
F,95357613074912
F,95357613066768
M,95357613079440,194
F,95357613071488
M,95357613070624,186
M,95357613076464,176
M,95357613079056,155
M,95357613076256,53
F,95357613077712
M,95357613067440,181
F,95357613075568
M,95357613072432,191
M,95357613078672,175
F,95357613065216
M,95357613079648,186
M,95357613065216,101
M,95357613074912,75
F,95357613067440
M,95357613067264,74
M,95357613079232,191
F,95357613068528
F,95357613070080
F,95357613076256
F,95357613073408
M,95357613071408,69
F,95357613072048
M,95357613067440,179
M,95357613071840,196
M,95357613072048,160
M,95357613077712,130
M,95357613066304,194
M,95357613076256,53
F,95357613070624
M,95357613067632,141
M,95357613076176,68
F,95357613074544
M,95357613065664,55
M,95357613074288,112
M,95357613070080,160
F,95357613071408
F,95357613071728
F,95357613065664
F,95357613065520
M,95357613070624,196
F,95357613067632
F,95357613076656
M,95357613075568,160
F,95357613070256
M,95357613070256,154
M,95357613067632,139
F,95357613078144
F,95357613070624
M,95357613071728,90
F,95357613067792
M,95357613071408,71
F,95357613077056
M,95357613073888,164
M,95357613065520,124
M,95357613070624,199
M,95357613067792,107
F,95357613079648
F,95357613073888
M,95357613069328,63
F,95357613070256
F,95357613069088
F,95357613072432
M,95357613069088,94
F,95357613067632
M,95357613072432,186
F,95357613071728
M,95357613071488,131
M,95357613079648,193
F,95357613066304
M,95357613072736,127
M,95357613071728,90
F,95357613068368
M,95357613075056,71
M,95357613077056,102
M,95357613078000,125
F,95357613071408
M,95357613067632,142
F,95357613076464
M,95357613076464,183
F,95357613079440
M,95357613079440,193
M,95357613077424,131
M,95357613066304,192
F,95357613066304
M,95357613073408,94
M,95357613075808,134
M,95357613066672,88
M,95357613074544,177
M,95357613070256,168
F,95357613076256
M,95357613078864,184
M,95357613066304,194
M,95357613076256,52
F,95357613072432
M,95357613068528,103
F,95357613075056
M,95357613068368,109
M,95357613069408,73
F,95357613067152
M,95357613074416,116
M,95357613072432,195
F,95357613073136
F,95357613074288
F,95357613067440
M,95357613073888,156
F,95357613078864
F,95357613065520
F,95357613079856
M,95357613065520,129
M,95357613080416,191
M,95357613076800,131
F,95357613066304
M,95357613066304,194
M,95357613078144,143
F,95357613065728
F,95357613071488
F,95357613068368
F,95357613079440
F,95357613079232
M,95357613065728,92
F,95357613074912
F,95357613080416
F,95357613065216
M,95357613074912,75
M,95357613079856,160
F,95357613064864
F,95357613069088
M,95357613080416,185
F,95357613073200
M,95357613076320,77
M,95357613073200,189
M,95357613071488,127
F,95357613065520
F,95357613069328
F,95357613067792
M,95357613072944,80
M,95357613074064,76
F,95357613068208
M,95357613073136,52
F,95357613075568
F,95357613069696
F,95357613077712
F,95357613073136
M,95357613077712,124
F,95357613065728
M,95357613075568,162
F,95357613079856
M,95357613079856,163
M,95357613065728,102
M,95357613069088,103
F,95357613074416
M,95357613067792,114
F,95357613072224
M,95357613072224,185
M,95357613065520,127
M,95357613077568,134
M,95357613076656,126
F,95357613077712
M,95357613068208,138
F,95357613071488
M,95357613068368,107
M,95357613066768,77
F,95357613080208
M,95357613065216,92
M,95357613073136,51
M,95357613074736,156
F,95357613075952
M,95357613075952,124
F,95357613073888
F,95357613069088
M,95357613073888,167
F,95357613077568
M,95357613069088,100
M,95357613078304,168
M,95357613069328,59
M,95357613080032,154
F,95357613077424
F,95357613073200
M,95357613077424,125
F,95357613074912
F,95357613080416
F,95357613072736
M,95357613067152,89
F,95357613075568
F,95357613071728
F,95357613079648
M,95357613079648,185
F,95357613073888
F,95357613067792
M,95357613072736,126
M,95357613069696,171
F,95357613076800
F,95357613073136
M,95357613067792,109
F,95357613069328
F,95357613078672
F,95357613076656
F,95357613074736
F,95357613076320
M,95357613071728,98
F,95357613066768
M,95357613076944,97
M,95357613077856,89
M,95357613075136,80
F,95357613078144
F,95357613072224
F,95357613069408
F,95357613075952
F,95357613078304
M,95357613070512,96
F,95357613079856
M,95357613073136,55
F,95357613069696
F,95357613076256
M,95357613074288,110
M,95357613069696,184
M,95357613072224,186
F,95357613067360
M,95357613079856,159
M,95357613069408,82
M,95357613076256,50
F,95357613073408
F,95357613065216
M,95357613080416,199
F,95357613065728
F,95357613067632
F,95357613068528
M,95357613078304,164
F,95357613079648
F,95357613074288
M,95357613068064,73
M,95357613079648,187
F,95357613072432
M,95357613078144,138
F,95357613070080
F,95357613067792
M,95357613072432,185
M,95357613073200,192
M,95357613078672,171
M,95357613068528,103
F,95357613080032
F,95357613068208
M,95357613065664,52
M,95357613073040,83
M,95357613068208,145
F,95357613080416
F,95357613072224
F,95357613074064
F,95357613076464
M,95357613067792,117
F,95357613070512
F,95357613074544
M,95357613080032,168
M,95357613067920,51
M,95357613070512,98
F,95357613067152
M,95357613074064,80
M,95357613067152,91
F,95357613071024
F,95357613079856
F,95357613075808
M,95357613067360,67
F,95357613080032
M,95357613074288,116
M,95357613069328,72
F,95357613072944
M,95357613075312,115
M,95357613072224,196
F,95357613078000
M,95357613075808,128
F,95357613065664
M,95357613080416,191
M,95357613075952,122
F,95357613076256
M,95357613075056,58
M,95357613076656,125
M,95357613080208,189
M,95357613064864,150
M,95357613071248,145
F,95357613073136
M,95357613065728,102
F,95357613075056
F,95357613067792
F,95357613076944
M,95357613074544,180
M,95357613076800,130
F,95357613066672
F,95357613078672
M,95357613073136,55
M,95357613078672,182
M,95357613075056,58
